79.124.40.174 - - [20/Dec/2025:09:54:19 +0700] "GET /?XDEBUG_SESSION_START=phpstorm HTTP/1.1" 301 169 "-" "Mozilla/5.0 (Windows NT 10.0; Win64; x64) AppleWebKit/537.36 (KHTML, like Gecko) Chrome/78.0.3904.108 Safari/537.36"
198.235.24.78 - - [20/Dec/2025:10:01:16 +0700] "\x16\x03\x01\x00\xCA\x01\x00\x00\xC6\x03\x03\x15\xEC\x9A,la\xD5\xE2\xB8;\x89\x8A\x93\x8B\xF8Z\xD2b\xAA\x17\xCD\xE8\xB7\xFAg\xB5\xC1\xFDP\x09\xA89\x00\x00h\xCC\x14\xCC\x13\xC0/\xC0+\xC00\xC0,\xC0\x11\xC0\x07\xC0'\xC0#\xC0\x13\xC0\x09\xC0(\xC0$\xC0\x14\xC0" 400 157 "-" "-"
198.235.24.78 - - [20/Dec/2025:10:01:16 +0700] "\x16\x03\x01\x00\xEE\x01\x00\x00\xEA\x03\x03 \xE8\x1D}U\xE9\xA9\xAC" 400 157 "-" "-"
185.247.137.59 - - [20/Dec/2025:10:23:03 +0700] "GET / HTTP/1.1" 301 169 "-" "Mozilla/5.0 (compatible; InternetMeasurement/1.0; +https://internet-measurement.com/)"
185.180.140.10 - - [20/Dec/2025:10:24:57 +0700] "GET / HTTP/1.1" 301 169 "-" "Mozilla/5.0 (Windows NT 10.0; Win64; x64) AppleWebKit/537.36 (KHTML, like Gecko) Chrome/60.0.3112.113 Safari/537.36"
185.180.140.10 - - [20/Dec/2025:10:25:07 +0700] "GET / HTTP/1.1" 301 169 "-" "python-requests/2.31.0"
141.98.11.140 - - [20/Dec/2025:10:31:31 +0700] "GET / HTTP/1.1" 301 169 "-" "-"
27.148.196.62 - - [20/Dec/2025:10:38:34 +0700] "GET / HTTP/1.1" 301 169 "-" "Mozilla/5.0 (Android 14; Mobile; rv:128.0) Gecko/128.0 Firefox/128.0"
101.32.218.31 - - [20/Dec/2025:10:40:44 +0700] "HEAD /Core/Skin/Login.aspx HTTP/1.1" 301 0 "-" "Mozilla/5.0 (Windows NT 10.0; Win64; x64) AppleWebKit/537.36 (KHTML, like Gecko) Chrome/106.0.0.0 Safari/537.36"
79.124.40.174 - - [20/Dec/2025:10:58:12 +0700] "GET /actuator/gateway/routes HTTP/1.1" 301 169 "-" "Mozilla/5.0 (Windows NT 10.0; Win64; x64) AppleWebKit/537.36 (KHTML, like Gecko) Chrome/78.0.3904.108 Safari/537.36"
204.76.203.219 - - [20/Dec/2025:11:01:12 +0700] "GET / HTTP/1.1" 301 169 "-" "Mozilla/5.0 (Windows NT 10.0; Win64; x64) AppleWebKit/537.36 (KHTML, like Gecko) Chrome/90.0.4430.85 Safari/537.36 Edg/90.0.818.46"
205.210.31.142 - - [20/Dec/2025:11:48:45 +0700] "GET / HTTP/1.1" 301 169 "-" "Hello from Palo Alto Networks, find out more about our scans in https://docs-cortex.paloaltonetworks.com/r/1/Cortex-Xpanse/Scanning-activity"
198.235.24.148 - - [20/Dec/2025:11:50:16 +0700] "\x16\x03\x01\x00\xEE\x01\x00\x00\xEA\x03\x03\xA7\xAC[\xF8EG\xFB\xE2\xFB\x18\x13\xCA\xB6\xF2BB\x94\xBD\x8E\xC5\x00.\x93\xD0\x8A\xBB\x16\xFC\x9C\xE8\xEE( 1\x94\x9B\x94}\xBE\xE3\xC3\xE9\xE9\xD16\x01R\xA2\x8B\xCF\xB9L\x14\xA06\xD0\x9C\x97" 400 157 "-" "-"
198.235.24.148 - - [20/Dec/2025:11:50:16 +0700] "\x16\x03\x01\x00\xCA\x01\x00\x00\xC6\x03\x03\xE2\xCD\xCDD>\xF23\xEA\xCD\xA9\x82<0\xB3\x10\xD7a\xA6~\xF0\xB0\x19F\xDA\x0E\xDD\xD8\xED/\xC7\x83\xED\x00\x00h\xCC\x14\xCC\x13\xC0/\xC0+\xC00\xC0,\xC0\x11\xC0\x07\xC0'\xC0#\xC0\x13\xC0\x09\xC0(\xC0$\xC0\x14\xC0" 400 157 "-" "-"
101.32.218.31 - - [20/Dec/2025:12:20:20 +0700] "HEAD /Core/Skin/Login.aspx HTTP/1.1" 301 0 "-" "Mozilla/5.0 (Windows NT 10.0; Win64; x64) AppleWebKit/537.36 (KHTML, like Gecko) Chrome/106.0.0.0 Safari/537.36"
79.124.40.174 - - [20/Dec/2025:12:32:10 +0700] "\x16\x03\x01\x05\xA8\x01\x00\x05\xA4\x03\x03\xADCh\xA4\x8C\xFC!\xA4N\xD5\xF4e\xC5|\x1F\xFA\x92\x88\xB4T\xC1Y\x82(<R\x9E\xD6\xC3\x1F\x02\xC6 F{\x9A\xE4>9\x19\xBC\xFC\x96\x12L`X-\x88\x0C\xE1t\x9BGp\x87\xF5c\xC45_\xA0\xA5\xBBz\x00\x1A\xC0+\xC0/\xC0,\xC00\xCC\xA9\xCC\xA8\xC0\x09\xC0\x13\xC0" 400 157 "-" "-"
45.135.194.23 - - [20/Dec/2025:13:16:39 +0700] "GET / HTTP/1.1" 301 169 "-" "-"
43.157.158.178 - - [20/Dec/2025:13:32:07 +0700] "GET / HTTP/1.1" 301 169 "-" "Mozilla/5.0 (iPhone; CPU iPhone OS 13_2_3 like Mac OS X) AppleWebKit/605.1.15 (KHTML, like Gecko) Version/13.0.3 Mobile/15E148 Safari/604.1"
20.12.240.164 - - [20/Dec/2025:13:37:33 +0700] "GET /developmentserver/metadatauploader HTTP/1.1" 301 169 "-" "Mozilla/5.0 zgrab/0.x"
216.180.246.142 - - [20/Dec/2025:13:52:41 +0700] "GET / HTTP/1.0" 301 169 "-" "'Mozilla/5.0 (compatible; GenomeCrawlerd/1.0; +https://www.nokia.com/genomecrawler)'"
216.180.246.142 - - [20/Dec/2025:13:52:57 +0700] "\x16\x03\x01\x00\xEE\x01\x00\x00\xEA\x03\x03\x07\xFB\xDE\x96\x18\x869\x87BFpXV\xDA\x22\xE0j{\x81\xEFVH\xC4\x07\x0E\xC4\x9AQ\xE1\x8A\x01\x22 \x1C\xBC\xD0\x0E\xB4\x8C\xD3\xF7\xF7\x9APp\x9D\x8D\x86\xA4\x9F\xBD7.z\xA1\xB2\x22\x89\x89\xA6\x10\xBD<:\xC7\x00&\xCC\xA8\xCC\xA9\xC0/\xC00\xC0+\xC0,\xC0\x13\xC0\x09\xC0\x14\xC0" 400 157 "-" "-"
216.180.246.142 - - [20/Dec/2025:13:53:40 +0700] "GET / HTTP/1.1" 301 169 "-" "'Mozilla/5.0 (compatible; GenomeCrawlerd/1.0; +https://www.nokia.com/genomecrawler)'"
216.180.246.142 - - [20/Dec/2025:13:56:28 +0700] "GET /manage/account/login HTTP/1.1" 301 169 "-" "'Mozilla/5.0 (compatible; GenomeCrawlerd/1.0; +https://www.nokia.com/genomecrawler)'"
216.180.246.142 - - [20/Dec/2025:13:58:03 +0700] "GET /admin/index.html HTTP/1.1" 301 169 "-" "'Mozilla/5.0 (compatible; GenomeCrawlerd/1.0; +https://www.nokia.com/genomecrawler)'"
216.180.246.142 - - [20/Dec/2025:13:59:29 +0700] "GET /index.html HTTP/1.1" 301 169 "-" "'Mozilla/5.0 (compatible; GenomeCrawlerd/1.0; +https://www.nokia.com/genomecrawler)'"
101.32.218.31 - - [20/Dec/2025:14:00:21 +0700] "HEAD /Core/Skin/Login.aspx HTTP/1.1" 301 0 "-" "Mozilla/5.0 (Windows NT 10.0; Win64; x64) AppleWebKit/537.36 (KHTML, like Gecko) Chrome/106.0.0.0 Safari/537.36"
216.180.246.142 - - [20/Dec/2025:14:01:36 +0700] "GET /+CSCOE+/logon.html HTTP/1.1" 301 169 "-" "'Mozilla/5.0 (compatible; GenomeCrawlerd/1.0; +https://www.nokia.com/genomecrawler)'"
216.180.246.142 - - [20/Dec/2025:14:02:54 +0700] "GET /cgi-bin/login.cgi HTTP/1.1" 301 169 "-" "'Mozilla/5.0 (compatible; GenomeCrawlerd/1.0; +https://www.nokia.com/genomecrawler)'"
216.180.246.142 - - [20/Dec/2025:14:04:16 +0700] "GET /login.htm HTTP/1.1" 301 169 "-" "'Mozilla/5.0 (compatible; GenomeCrawlerd/1.0; +https://www.nokia.com/genomecrawler)'"
216.180.246.142 - - [20/Dec/2025:14:05:25 +0700] "GET /login.html HTTP/1.1" 301 169 "-" "'Mozilla/5.0 (compatible; GenomeCrawlerd/1.0; +https://www.nokia.com/genomecrawler)'"
216.180.246.142 - - [20/Dec/2025:14:06:48 +0700] "GET /login.jsp HTTP/1.1" 301 169 "-" "'Mozilla/5.0 (compatible; GenomeCrawlerd/1.0; +https://www.nokia.com/genomecrawler)'"
216.180.246.142 - - [20/Dec/2025:14:08:02 +0700] "GET /login HTTP/1.1" 301 169 "-" "'Mozilla/5.0 (compatible; GenomeCrawlerd/1.0; +https://www.nokia.com/genomecrawler)'"
216.180.246.142 - - [20/Dec/2025:14:09:19 +0700] "GET /doc/index.html HTTP/1.1" 301 169 "-" "'Mozilla/5.0 (compatible; GenomeCrawlerd/1.0; +https://www.nokia.com/genomecrawler)'"
216.180.246.142 - - [20/Dec/2025:14:10:34 +0700] "GET /remote/login HTTP/1.1" 301 169 "-" "'Mozilla/5.0 (compatible; GenomeCrawlerd/1.0; +https://www.nokia.com/genomecrawler)'"
216.180.246.142 - - [20/Dec/2025:14:11:29 +0700] "GET //admin/login.asp HTTP/1.1" 301 169 "-" "'Mozilla/5.0 (compatible; GenomeCrawlerd/1.0; +https://www.nokia.com/genomecrawler)'"
216.180.246.142 - - [20/Dec/2025:14:12:52 +0700] "GET /web/ HTTP/1.1" 301 169 "-" "'Mozilla/5.0 (compatible; GenomeCrawlerd/1.0; +https://www.nokia.com/genomecrawler)'"
216.180.246.142 - - [20/Dec/2025:14:14:07 +0700] "GET //webpages/login.html HTTP/1.1" 301 169 "-" "'Mozilla/5.0 (compatible; GenomeCrawlerd/1.0; +https://www.nokia.com/genomecrawler)'"
159.89.122.38 - - [20/Dec/2025:14:32:50 +0700] "GET / HTTP/1.1" 301 169 "-" "Mozilla/5.0 (X11; Linux x86_64; rv:142.0) Gecko/20100101 Firefox/142.0"
159.89.122.38 - - [20/Dec/2025:14:32:50 +0700] "GET /favicon.ico HTTP/1.1" 301 169 "http://bennharong.servehttp.com/" "Mozilla/5.0 (X11; Linux x86_64; rv:142.0) Gecko/20100101 Firefox/142.0"
64.227.106.108 - - [20/Dec/2025:14:53:58 +0700] "GET / HTTP/1.1" 301 169 "https://benefex.com//wp-login.php" "Mozilla/5.0 (Windows NT 10.0; Win64; x64) AppleWebKit/537.36 (KHTML, like Gecko) Chrome/131.0.0.0 Safari/537.36"
204.76.203.18 - - [20/Dec/2025:14:58:18 +0700] "GET / HTTP/1.1" 301 169 "-" "-"
93.174.93.12 - - [20/Dec/2025:15:10:37 +0700] "\x16\x03\x02\x01o\x01\x00\x01k\x03\x02RH\xC5\x1A#\xF7:N\xDF\xE2\xB4\x82/\xFF\x09T\x9F\xA7\xC4y\xB0h\xC6\x13\x8C\xA4\x1C=\x22\xE1\x1A\x98 \x84\xB4,\x85\xAFn\xE3Y\xBBbhl\xFF(=':\xA9\x82\xD9o\xC8\xA2\xD7\x93\x98\xB4\xEF\x80\xE5\xB9\x90\x00(\xC0" 400 157 "-" "-"
101.32.218.31 - - [20/Dec/2025:15:40:37 +0700] "HEAD /Core/Skin/Login.aspx HTTP/1.1" 301 0 "-" "Mozilla/5.0 (Windows NT 10.0; Win64; x64) AppleWebKit/537.36 (KHTML, like Gecko) Chrome/106.0.0.0 Safari/537.36"
178.128.87.57 - - [20/Dec/2025:15:48:28 +0700] "GET /admin/config.php HTTP/1.0" 301 169 "-" "nvdorz"
43.166.247.82 - - [20/Dec/2025:16:01:06 +0700] "GET / HTTP/1.1" 301 169 "-" "Mozilla/5.0 (iPhone; CPU iPhone OS 13_2_3 like Mac OS X) AppleWebKit/605.1.15 (KHTML, like Gecko) Version/13.0.3 Mobile/15E148 Safari/604.1"
152.32.182.165 - - [20/Dec/2025:16:20:13 +0700] "GET / HTTP/1.1" 301 169 "-" "curl/7.29.0"
152.32.182.165 - - [20/Dec/2025:16:20:14 +0700] "\x16\x03\x01\x00\xF2\x01\x00\x00\xEE\x03\x030:\x1B\x9D\xDF\xF4Z\xA6s" 400 157 "-" "-"
152.32.182.165 - - [20/Dec/2025:16:20:14 +0700] "t3 12.1.2" 400 157 "-" "-"
118.194.250.113 - - [20/Dec/2025:16:21:26 +0700] "GET / HTTP/1.1" 301 169 "-" "Mozilla/5.0 (X11; Linux x86_64) AppleWebKit/571.48 (KHTML, like Gecko) Chrome/61.0.634 Safari/537.36"
161.35.140.135 - - [20/Dec/2025:16:45:33 +0700] "\x16\x03\x01\x00{\x01\x00\x00w\x03\x03n\xEA\xAA&Ah\xA4\xCD\x82\x00\xB1g\x11b\x9A\xECo};\x101B\xC8\xC7\xB78\xD5\xA3!\x07\xD4\xE9\x00\x00\x1A\xC0/\xC0+\xC0\x11\xC0\x07\xC0\x13\xC0\x09\xC0\x14\xC0" 400 157 "-" "-"
161.35.140.135 - - [20/Dec/2025:16:45:33 +0700] "\x16\x03\x01\x00{\x01\x00\x00w\x03\x03\xF0?\xFC\xD8\xDB\xCE6mE/\x88N\xB3)W\x1D\x0F\x08\x93S\xFF\x13\x1E\xCD\x5C\x00\xA2\xC9\x84\xCE\xE2b\x00\x00\x1A\xC0/\xC0+\xC0\x11\xC0\x07\xC0\x13\xC0\x09\xC0\x14\xC0" 400 157 "-" "-"
161.35.140.135 - - [20/Dec/2025:16:45:33 +0700] "GET / HTTP/1.1" 301 169 "-" "Mozilla/5.0 (Windows NT 10.0; Win64; x64) AppleWebKit/537.36 (KHTML, like Gecko) Chrome/108.0.0.0 Safari/537.36"
161.35.140.135 - - [20/Dec/2025:16:45:35 +0700] "GET /form.html HTTP/1.1" 301 169 "-" "curl/8.1.2"
161.35.140.135 - - [20/Dec/2025:16:45:35 +0700] "GET /upl.php HTTP/1.1" 301 169 "-" "Mozilla/5.0"
161.35.140.135 - - [20/Dec/2025:16:45:36 +0700] "GET /t4 HTTP/1.1" 301 169 "-" "Mozilla/5.0"
161.35.140.135 - - [20/Dec/2025:16:45:36 +0700] "GET /geoip/ HTTP/1.1" 301 169 "-" "Mozilla/5.0 (Windows NT 10.0; Win64; x64) AppleWebKit/537.36 (KHTML, like Gecko) Chrome/108.0.0.0 Safari/537.36"
161.35.140.135 - - [20/Dec/2025:16:45:37 +0700] "GET /favicon.ico HTTP/1.1" 301 169 "-" "Mozilla/5.0 (Windows NT 10.0; Win64; x64) AppleWebKit/537.36 (KHTML, like Gecko) Chrome/108.0.0.0 Safari/537.36"
161.35.140.135 - - [20/Dec/2025:16:45:37 +0700] "GET /1.php HTTP/1.1" 301 169 "-" "Mozilla/5.0 (Windows NT 10.0; Win64; x64) AppleWebKit/537.36 (KHTML, like Gecko) Chrome/108.0.0.0 Safari/537.36"
161.35.140.135 - - [20/Dec/2025:16:45:38 +0700] "GET /systembc/password.php HTTP/1.1" 301 169 "-" "Mozilla/5.0 (Windows NT 10.0; Win64; x64) AppleWebKit/537.36 (KHTML, like Gecko) Chrome/108.0.0.0 Safari/537.36"
161.35.140.135 - - [20/Dec/2025:16:45:38 +0700] "GET /password.php HTTP/1.1" 301 169 "-" "Mozilla/5.0 (Windows NT 10.0; Win64; x64) AppleWebKit/537.36 (KHTML, like Gecko) Chrome/108.0.0.0 Safari/537.36"
91.224.92.109 - - [20/Dec/2025:16:59:46 +0700] "OPTIONS / HTTP/1.1" 301 169 "-" "Mozilla/5.0 (Windows NT 10.0; Win64; x64) AppleWebKit/537.36 (KHTML, like Gecko) Chrome/114.0.5735.199 Safari/537.36"
101.32.49.171 - - [20/Dec/2025:17:12:44 +0700] "GET / HTTP/1.1" 301 169 "-" "Mozilla/5.0 (iPhone; CPU iPhone OS 13_2_3 like Mac OS X) AppleWebKit/605.1.15 (KHTML, like Gecko) Version/13.0.3 Mobile/15E148 Safari/604.1"
146.70.188.53 - - [20/Dec/2025:17:20:19 +0700] "GET /.env HTTP/1.1" 301 169 "-" "Mozilla/5.0 (compatible; Scanner/1.0)"
146.70.188.53 - - [20/Dec/2025:17:20:20 +0700] "GET /.env.production HTTP/1.1" 301 169 "-" "Mozilla/5.0 (compatible; Scanner/1.0)"
101.32.218.31 - - [20/Dec/2025:17:20:58 +0700] "HEAD /Core/Skin/Login.aspx HTTP/1.1" 301 0 "-" "Mozilla/5.0 (Windows NT 10.0; Win64; x64) AppleWebKit/537.36 (KHTML, like Gecko) Chrome/106.0.0.0 Safari/537.36"
185.242.226.113 - - [20/Dec/2025:17:43:50 +0700] "\x16\x03\x01\x00\x8A\x01\x00\x00\x86\x03\x03L\x9B#\xB7j\xEC\x96\xF0a\xB3\xCD" 400 157 "-" "-"
204.76.203.18 - - [20/Dec/2025:17:50:20 +0700] "GET /bins/ HTTP/1.1" 301 169 "-" "-"
146.70.188.53 - - [20/Dec/2025:17:59:19 +0700] "GET /.git/config HTTP/1.1" 301 169 "-" "Mozilla/5.0 (compatible; Scanner/1.0)"
141.98.11.140 - - [20/Dec/2025:18:08:55 +0700] "GET / HTTP/1.1" 301 169 "-" "-"
3.149.59.26 - - [20/Dec/2025:18:18:39 +0700] "GET / HTTP/1.1" 301 169 "-" "cypex.ai/scanning Mozilla/5.0 (Macintosh; Intel Mac OS X 10_15_7) Chrome/126.0.0.0 Safari/537.36"
3.149.59.26 - - [20/Dec/2025:18:19:03 +0700] "GET / HTTP/1.1" 301 169 "-" "cypex.ai/scanning Mozilla/5.0 (Macintosh; Intel Mac OS X 10_15_7) Chrome/126.0.0.0 Safari/537.36"
3.149.59.26 - - [20/Dec/2025:18:20:49 +0700] "\x16\x03\x01\x00{\x01\x00\x00w\x03\x03\xFFB\xB2\xCCG\x19;\xC1A\xF6\x9D_\x13M\xB7^\xF0\xBD\xF7Zs7X" 400 157 "-" "-"
3.149.59.26 - - [20/Dec/2025:18:20:58 +0700] "\x16\x03\x01\x00{\x01\x00\x00w\x03\x03\x89\x19\xE6<9\xC8\x80\x04m\xA1OFn\x80U\x87wI\xE4\x9D>\xF3/\x93]\x15\xA4$\x80\xF1M\xF7\x00\x00\x1A\xC0/\xC0+\xC0\x11\xC0\x07\xC0\x13\xC0\x09\xC0\x14\xC0" 400 157 "-" "-"
3.149.59.26 - - [20/Dec/2025:18:21:01 +0700] "SSH-2.0-Go" 400 157 "-" "-"
3.149.59.26 - - [20/Dec/2025:18:24:13 +0700] "" 400 0 "-" "-"
91.224.92.121 - - [20/Dec/2025:18:25:57 +0700] "OPTIONS / HTTP/1.1" 301 169 "-" "Mozilla/5.0 (Windows NT 10.0; Win64; x64) AppleWebKit/537.36 (KHTML, like Gecko) Chrome/114.0.5735.199 Safari/537.36"
101.32.218.31 - - [20/Dec/2025:19:01:15 +0700] "HEAD /Core/Skin/Login.aspx HTTP/1.1" 301 0 "-" "Mozilla/5.0 (Windows NT 10.0; Win64; x64) AppleWebKit/537.36 (KHTML, like Gecko) Chrome/106.0.0.0 Safari/537.36"
167.94.138.168 - - [20/Dec/2025:19:02:45 +0700] "\x16\x03\x01\x00\xEE\x01\x00\x00\xEA\x03\x03.\x0C*" 400 157 "-" "-"
167.94.138.168 - - [20/Dec/2025:19:02:49 +0700] "GET / HTTP/1.1" 301 169 "-" "Mozilla/5.0 (compatible; CensysInspect/1.1; +https://about.censys.io/)"
167.94.138.168 - - [20/Dec/2025:19:02:56 +0700] "PRI * HTTP/2.0" 400 157 "-" "-"
167.94.138.168 - - [20/Dec/2025:19:03:27 +0700] "\x16\x03\x01\x00\xEE\x01\x00\x00\xEA\x03\x03A\xC8\xAE\x97\x18\xC1\x08\xE2\x14c%o\x9D\x10N%Dn\x95\x0C\xBF\xC71G\x13j\xFD\xF3Ex\xB6\x95 4\xEB\xE6\x10^a\xD4\xD6\xAF\xD7" 400 157 "-" "-"
167.94.138.168 - - [20/Dec/2025:19:03:27 +0700] "GET /.well-known/security.txt HTTP/1.1" 301 169 "-" "Mozilla/5.0 (compatible; CensysInspect/1.1; +https://about.censys.io/)"
52.146.90.191 - - [20/Dec/2025:19:14:13 +0700] "GET /portal/redlion HTTP/1.1" 301 169 "-" "Mozilla/5.0 zgrab/0.x"
34.224.56.63 - - [20/Dec/2025:19:55:50 +0700] "GET / HTTP/1.1" 301 169 "-" "Mozilla/5.0 (Windows NT 10.0; Win64; x64) AppleWebKit/537.36 (KHTML, like Gecko) Chrome/136.0.0.0 Safari/537.36"
221.13.93.105 - - [20/Dec/2025:20:05:03 +0700] "GET / HTTP/1.1" 301 169 "-" "-"
110.90.224.131 - - [20/Dec/2025:20:05:04 +0700] "GET / HTTP/1.1" 301 169 "-" "Mozilla/5.0 (Windows NT 6.1) AppleWebKit/537.36 (KHTML, like Gecko) Chrome/49.0.2623.112 Safari/537.36"
123.245.84.79 - - [20/Dec/2025:20:11:22 +0700] "GET / HTTP/1.1" 301 169 "-" "Mozilla/5.0 (Windows NT 6.1) AppleWebKit/537.36 (KHTML, like Gecko) Chrome/49.0.2623.112 Safari/537.36"
217.28.137.76 - - [20/Dec/2025:20:11:22 +0700] "GET http://ip-api.com/json/ HTTP/1.1" 301 169 "-" "Go-http-client/1.1"
217.28.137.76 - - [20/Dec/2025:20:11:23 +0700] "CONNECT bennharong.servehttp.com:443 HTTP/1.1" 405 157 "-" "Go-http-client/1.1"
87.121.84.148 - - [20/Dec/2025:20:20:12 +0700] "GET / HTTP/1.1" 301 169 "-" "Mozilla/1.0"
101.32.218.31 - - [20/Dec/2025:20:41:10 +0700] "HEAD /Core/Skin/Login.aspx HTTP/1.1" 301 0 "-" "Mozilla/5.0 (Windows NT 10.0; Win64; x64) AppleWebKit/537.36 (KHTML, like Gecko) Chrome/106.0.0.0 Safari/537.36"
157.245.209.233 - - [20/Dec/2025:21:05:37 +0700] "GET /admin/config.php HTTP/1.0" 301 169 "-" "xfa1,nvdorz,nvd0rz"
45.153.34.195 - - [20/Dec/2025:21:09:08 +0700] "GET / HTTP/1.0" 301 169 "-" "Shodan-Pull/1.0"
45.135.194.23 - - [20/Dec/2025:21:18:49 +0700] "GET / HTTP/1.1" 301 169 "-" "-"
204.76.203.18 - - [20/Dec/2025:21:36:08 +0700] "GET /bin/ HTTP/1.1" 301 169 "-" "-"
47.101.204.194 - - [20/Dec/2025:22:02:56 +0700] "GET / HTTP/1.1" 301 169 "-" "Mozilla/5.0 (Windows NT 10.0; Win64; x64) AppleWebKit/537.36 (KHTML, like Gecko) Chrome/92.0.4515.107 Safari/537.36"
47.100.209.196 - - [20/Dec/2025:22:02:57 +0700] "GET / HTTP/1.1" 301 169 "-" "Mozilla/5.0 (Windows NT 10.0; Win64; x64) AppleWebKit/537.36 (KHTML, like Gecko) Chrome/92.0.4515.107 Safari/537.36"
49.51.72.236 - - [20/Dec/2025:22:15:40 +0700] "GET / HTTP/1.1" 301 169 "-" "Mozilla/5.0 (iPhone; CPU iPhone OS 13_2_3 like Mac OS X) AppleWebKit/605.1.15 (KHTML, like Gecko) Version/13.0.3 Mobile/15E148 Safari/604.1"
35.240.152.232 - - [20/Dec/2025:22:18:03 +0700] "GET / HTTP/1.1" 301 169 "-" "Mozilla/5.0 (Windows NT 10.0; Win64; x64) AppleWebKit/537.36 (KHTML, like Gecko) Chrome/58.0.3029.110 Safari/537.3"
101.32.218.31 - - [20/Dec/2025:22:20:54 +0700] "HEAD /Core/Skin/Login.aspx HTTP/1.1" 301 0 "-" "Mozilla/5.0 (Windows NT 10.0; Win64; x64) AppleWebKit/537.36 (KHTML, like Gecko) Chrome/106.0.0.0 Safari/537.36"
177.124.88.18 - - [20/Dec/2025:22:26:50 +0700] "\x00\x00\x00\x00\x00\x00\x00\x00\x00\x00\x00\x00\x00\x00\x00\x00\x00\x00\x00\x00" 400 157 "-" "-"
5.187.35.158 - - [20/Dec/2025:22:45:25 +0700] "GET /SDK/webLanguage HTTP/1.1" 301 169 "-" "Mozilla/5.0 (Windows NT 10.0; Win64; x64) AppleWebKit/537.36 (KHTML, like Gecko) Chrome/90.0.4430.85 Safari/537.36 Edg/90.0.818.46"
43.166.242.189 - - [20/Dec/2025:23:25:21 +0700] "GET / HTTP/1.1" 301 169 "-" "Mozilla/5.0 (iPhone; CPU iPhone OS 13_2_3 like Mac OS X) AppleWebKit/605.1.15 (KHTML, like Gecko) Version/13.0.3 Mobile/15E148 Safari/604.1"
204.76.203.18 - - [21/Dec/2025:00:32:12 +0700] "GET /backup/ HTTP/1.1" 301 169 "-" "-"
8.219.155.65 - - [21/Dec/2025:00:42:44 +0700] "GET / HTTP/1.1" 301 169 "-" "Mozilla/5.0 (Macintosh; Intel Mac OS X 10_14_6) AppleWebKit/537.36 (KHTML, like Gecko) Chrome/76.0.3809.132 Safari/537.36"
8.219.155.65 - - [21/Dec/2025:00:42:44 +0700] "GET /robots.txt HTTP/1.1" 301 169 "-" "fasthttp"
8.219.155.65 - - [21/Dec/2025:00:42:44 +0700] "GET /favicon.ico HTTP/1.1" 301 169 "-" "fasthttp"
8.219.155.65 - - [21/Dec/2025:00:42:44 +0700] "GET /sitemap.xml HTTP/1.1" 301 169 "-" "fasthttp"
43.130.141.193 - - [21/Dec/2025:00:55:16 +0700] "GET / HTTP/1.1" 301 169 "-" "Mozilla/5.0 (iPhone; CPU iPhone OS 13_2_3 like Mac OS X) AppleWebKit/605.1.15 (KHTML, like Gecko) Version/13.0.3 Mobile/15E148 Safari/604.1"
101.32.218.31 - - [21/Dec/2025:01:40:58 +0700] "HEAD /Core/Skin/Login.aspx HTTP/1.1" 301 0 "-" "Mozilla/5.0 (Windows NT 10.0; Win64; x64) AppleWebKit/537.36 (KHTML, like Gecko) Chrome/106.0.0.0 Safari/537.36"
204.76.203.219 - - [21/Dec/2025:01:49:15 +0700] "GET / HTTP/1.1" 301 169 "-" "Mozilla/5.0 (Windows NT 10.0; Win64; x64) AppleWebKit/537.36 (KHTML, like Gecko) Chrome/90.0.4430.85 Safari/537.36 Edg/90.0.818.46"
217.154.38.135 - - [21/Dec/2025:01:50:09 +0700] "POST /cgi-bin/.%2e/.%2e/.%2e/.%2e/.%2e/.%2e/.%2e/.%2e/.%2e/.%2e/bin/sh HTTP/1.1" 400 157 "-" "-"
217.154.38.135 - - [21/Dec/2025:01:50:11 +0700] "POST /cgi-bin/%%32%65%%32%65/%%32%65%%32%65/%%32%65%%32%65/%%32%65%%32%65/%%32%65%%32%65/%%32%65%%32%65/%%32%65%%32%65/bin/sh HTTP/1.1" 400 157 "-" "-"
217.154.38.135 - - [21/Dec/2025:01:50:12 +0700] "POST /hello.world?%ADd+allow_url_include%3d1+%ADd+auto_prepend_file%3dphp://input HTTP/1.1" 301 169 "-" "libredtail-http"
113.56.161.14 - - [21/Dec/2025:02:16:16 +0700] "GET / HTTP/1.1" 301 169 "-" "Mozilla/5.0 (Macintosh; Intel Mac OS X 14_7_4) AppleWebKit/605.1.15 (KHTML, like Gecko) Version/18.3 Safari/605.1.15"
91.224.92.109 - - [21/Dec/2025:02:27:11 +0700] "OPTIONS / HTTP/1.1" 301 169 "-" "Mozilla/5.0 (Windows NT 10.0; Win64; x64) AppleWebKit/537.36 (KHTML, like Gecko) Chrome/114.0.5735.199 Safari/537.36"
101.32.218.31 - - [21/Dec/2025:02:37:50 +0700] "HEAD /Core/Skin/Login.aspx HTTP/1.1" 301 0 "-" "Mozilla/5.0 (Windows NT 10.0; Win64; x64) AppleWebKit/537.36 (KHTML, like Gecko) Chrome/106.0.0.0 Safari/537.36"
198.235.24.22 - - [21/Dec/2025:02:42:43 +0700] "GET / HTTP/1.0" 301 169 "-" "Hello from Palo Alto Networks, find out more about our scans in https://docs-cortex.paloaltonetworks.com/r/1/Cortex-Xpanse/Scanning-activity"
185.242.226.113 - - [21/Dec/2025:03:10:40 +0700] "\x16\x03\x01\x00\x8A\x01\x00\x00\x86\x03\x03\xCB7\xA9\x9B\xFE\xFD4\x03\xED" 400 157 "-" "-"
34.78.177.87 - - [21/Dec/2025:03:18:21 +0700] "GET / HTTP/1.1" 301 169 "-" "python-requests/2.32.5"
80.94.95.98 - - [21/Dec/2025:03:35:03 +0700] "GET /.git/config HTTP/1.1" 301 169 "-" "Mozilla/5.0 (Windows NT 10.0; Win64; x64) AppleWebKit/537.36 (KHTML, like Gecko) Chrome/120.0.0.0 Safari/537.36"
204.76.203.219 - - [21/Dec/2025:03:39:40 +0700] "GET / HTTP/1.1" 301 169 "-" "Mozilla/5.0 (Windows NT 10.0; Win64; x64) AppleWebKit/537.36 (KHTML, like Gecko) Chrome/90.0.4430.85 Safari/537.36 Edg/90.0.818.46"
119.234.179.89 - - [21/Dec/2025:04:13:50 +0700] "GET / HTTP/1.0" 301 169 "-" "-"
185.109.55.79 - - [21/Dec/2025:04:15:56 +0700] "GET / HTTP/1.1" 301 169 "-" "Mozilla/5.0 (Windows NT 10.0; WOW64) AppleWebKit/537.36 (KHTML, like Gecko) Chrome/51.0.2704.103 Safari/537.36"
101.32.218.31 - - [21/Dec/2025:04:17:37 +0700] "HEAD /Core/Skin/Login.aspx HTTP/1.1" 301 0 "-" "Mozilla/5.0 (Windows NT 10.0; Win64; x64) AppleWebKit/537.36 (KHTML, like Gecko) Chrome/106.0.0.0 Safari/537.36"
185.16.39.146 - - [21/Dec/2025:04:21:52 +0700] "GET / HTTP/1.1" 301 169 "-" "Wget"
93.174.93.12 - - [21/Dec/2025:04:34:44 +0700] "\x16\x03\x02\x01o\x01\x00\x01k\x03\x02RH\xC5\x1A#\xF7:N\xDF\xE2\xB4\x82/\xFF\x09T\x9F\xA7\xC4y\xB0h\xC6\x13\x8C\xA4\x1C=\x22\xE1\x1A\x98 \x84\xB4,\x85\xAFn\xE3Y\xBBbhl\xFF(=':\xA9\x82\xD9o\xC8\xA2\xD7\x93\x98\xB4\xEF\x80\xE5\xB9\x90\x00(\xC0" 400 157 "-" "-"
87.121.84.148 - - [21/Dec/2025:04:47:33 +0700] "GET / HTTP/1.1" 301 169 "-" "Mozilla/1.0"
204.76.203.219 - - [21/Dec/2025:05:40:23 +0700] "GET / HTTP/1.1" 301 169 "-" "Mozilla/5.0 (Windows NT 10.0; Win64; x64) AppleWebKit/537.36 (KHTML, like Gecko) Chrome/90.0.4430.85 Safari/537.36 Edg/90.0.818.46"
135.119.96.82 - - [21/Dec/2025:05:46:42 +0700] "GET /hudson HTTP/1.1" 301 169 "-" "Mozilla/5.0 zgrab/0.x"
101.32.218.31 - - [21/Dec/2025:05:57:30 +0700] "HEAD /Core/Skin/Login.aspx HTTP/1.1" 301 0 "-" "Mozilla/5.0 (Windows NT 10.0; Win64; x64) AppleWebKit/537.36 (KHTML, like Gecko) Chrome/106.0.0.0 Safari/537.36"
91.232.238.106 - - [21/Dec/2025:06:06:11 +0700] "GET /robots.txt HTTP/1.0" 301 169 "-" "xfa1"
93.174.93.12 - - [21/Dec/2025:07:03:12 +0700] "GET / HTTP/1.0" 301 169 "-" "Opera/9.80 (Android; Opera Mini/43.3.2254/150.36; U; en) Presto/2.12.423 Version/12.16"
45.135.194.23 - - [21/Dec/2025:07:24:47 +0700] "GET / HTTP/1.1" 301 169 "-" "-"
198.235.24.167 - - [21/Dec/2025:07:27:26 +0700] "\x16\x03\x01\x00\xCA\x01\x00\x00\xC6\x03\x03^\x8D\xB7\xBBq\xC5\xDB\xAD\xBBw\xCF\x96\x0E`\xE2\xA6\x88\x12\xEC\xF6\x8D+\x99\xA2\x9D\xB2OF9\x18A\xA1\x00\x00h\xCC\x14\xCC\x13\xC0/\xC0+\xC00\xC0,\xC0\x11\xC0\x07\xC0'\xC0#\xC0\x13\xC0\x09\xC0(\xC0$\xC0\x14\xC0" 400 157 "-" "-"
198.235.24.167 - - [21/Dec/2025:07:27:26 +0700] "\x16\x03\x01\x00\xEE\x01\x00\x00\xEA\x03\x03z\xDF\x84\xF5\xC5\xDB\xBB\xDF\xAA\xB5\x1B\xF7\x16-):\x09\xFB]\x16\xFCR\xE2(\xCD\x98\xD3\xF1\xC8\xC0\x86\x87 \xCD\x07y\xA2^!\x96\xD3n:\xCC\xD9\x9BG\x85!]\x1E\xDD\xE0\x89\xDE]\xCB\xAD\xB5a\xEE[\x9Ea_\x00&\xC0+\xC0/\xC0,\xC00\xCC\xA9\xCC\xA8\xC0\x09\xC0\x13\xC0" 400 157 "-" "-"
101.32.218.31 - - [21/Dec/2025:07:37:05 +0700] "HEAD /Core/Skin/Login.aspx HTTP/1.1" 301 0 "-" "Mozilla/5.0 (Windows NT 10.0; Win64; x64) AppleWebKit/537.36 (KHTML, like Gecko) Chrome/106.0.0.0 Safari/537.36"
162.216.149.235 - - [21/Dec/2025:07:42:42 +0700] "GET / HTTP/1.1" 301 169 "-" "Hello from Palo Alto Networks, find out more about our scans in https://docs-cortex.paloaltonetworks.com/r/1/Cortex-Xpanse/Scanning-activity"
204.76.203.219 - - [21/Dec/2025:07:43:20 +0700] "GET / HTTP/1.1" 301 169 "-" "Mozilla/5.0 (Windows NT 10.0; Win64; x64) AppleWebKit/537.36 (KHTML, like Gecko) Chrome/90.0.4430.85 Safari/537.36 Edg/90.0.818.46"
141.98.11.140 - - [21/Dec/2025:07:50:32 +0700] "GET / HTTP/1.1" 301 169 "-" "-"
5.187.35.158 - - [21/Dec/2025:07:53:01 +0700] "GET /SDK/webLanguage HTTP/1.1" 301 169 "-" "Mozilla/5.0 (Windows NT 10.0; Win64; x64) AppleWebKit/537.36 (KHTML, like Gecko) Chrome/90.0.4430.85 Safari/537.36 Edg/90.0.818.46"
172.202.114.34 - - [21/Dec/2025:08:19:55 +0700] "GET /actuator/health HTTP/1.1" 301 169 "-" "Mozilla/5.0 zgrab/0.x"
162.62.213.187 - - [21/Dec/2025:08:47:07 +0700] "GET / HTTP/1.1" 301 169 "-" "Mozilla/5.0 (iPhone; CPU iPhone OS 13_2_3 like Mac OS X) AppleWebKit/605.1.15 (KHTML, like Gecko) Version/13.0.3 Mobile/15E148 Safari/604.1"
20.168.7.236 - - [21/Dec/2025:08:53:15 +0700] "MGLNDD_13.214.39.19_80" 400 157 "-" "-"
195.178.110.155 - - [21/Dec/2025:08:54:58 +0700] "GET /.git/config HTTP/1.1" 301 169 "-" "Mozilla/5.0 (Windows NT 10.0; rv:91.0) Gecko/20100101 Firefox/91.0"
195.178.110.155 - - [21/Dec/2025:08:55:16 +0700] "GET / HTTP/1.1" 301 169 "-" "-"
87.121.84.57 - - [21/Dec/2025:09:07:49 +0700] "GET / HTTP/1.1" 301 169 "-" "Mozilla/1.0"
83.142.209.120 - - [21/Dec/2025:09:10:13 +0700] "GET /cgi-bin/luci/;stok=/locale HTTP/1.1" 301 169 "-" "-"
101.32.218.31 - - [21/Dec/2025:09:16:35 +0700] "HEAD /Core/Skin/Login.aspx HTTP/1.1" 301 0 "-" "Mozilla/5.0 (Windows NT 10.0; Win64; x64) AppleWebKit/537.36 (KHTML, like Gecko) Chrome/106.0.0.0 Safari/537.36"
43.153.54.14 - - [21/Dec/2025:09:18:22 +0700] "GET / HTTP/1.1" 301 169 "-" "Mozilla/5.0 (iPhone; CPU iPhone OS 13_2_3 like Mac OS X) AppleWebKit/605.1.15 (KHTML, like Gecko) Version/13.0.3 Mobile/15E148 Safari/604.1"
205.210.31.161 - - [21/Dec/2025:09:19:46 +0700] "GET / HTTP/1.1" 301 169 "-" "Hello from Palo Alto Networks, find out more about our scans in https://docs-cortex.paloaltonetworks.com/r/1/Cortex-Xpanse/Scanning-activity"
91.224.92.121 - - [21/Dec/2025:09:24:25 +0700] "OPTIONS / HTTP/1.1" 301 169 "-" "Mozilla/5.0 (Windows NT 10.0; Win64; x64) AppleWebKit/537.36 (KHTML, like Gecko) Chrome/114.0.5735.199 Safari/537.36"
204.76.203.219 - - [21/Dec/2025:09:42:38 +0700] "GET / HTTP/1.1" 301 169 "-" "Mozilla/5.0 (Windows NT 10.0; Win64; x64) AppleWebKit/537.36 (KHTML, like Gecko) Chrome/90.0.4430.85 Safari/537.36 Edg/90.0.818.46"
147.185.132.234 - - [21/Dec/2025:10:03:27 +0700] "GET / HTTP/1.0" 301 169 "-" "Hello from Palo Alto Networks, find out more about our scans in https://docs-cortex.paloaltonetworks.com/r/1/Cortex-Xpanse/Scanning-activity"
27.148.196.62 - - [21/Dec/2025:10:23:53 +0700] "GET / HTTP/1.1" 301 169 "-" "Mozilla/5.0 (Android 14; Mobile; rv:128.0) Gecko/128.0 Firefox/128.0"
138.197.101.95 - - [21/Dec/2025:10:37:36 +0700] "\x00\x0E8\xE7\xD8\xBF\xC1\x98n\xD9]\x00\x00\x00\x00\x00" 400 157 "-" "-"
170.106.181.163 - - [21/Dec/2025:10:46:07 +0700] "GET / HTTP/1.1" 301 169 "-" "Mozilla/5.0 (iPhone; CPU iPhone OS 13_2_3 like Mac OS X) AppleWebKit/605.1.15 (KHTML, like Gecko) Version/13.0.3 Mobile/15E148 Safari/604.1"
79.124.40.174 - - [21/Dec/2025:10:51:51 +0700] "GET /?XDEBUG_SESSION_START=phpstorm HTTP/1.1" 301 169 "-" "Mozilla/5.0 (Windows NT 10.0; Win64; x64) AppleWebKit/537.36 (KHTML, like Gecko) Chrome/78.0.3904.108 Safari/537.36"
91.224.92.109 - - [21/Dec/2025:10:54:32 +0700] "OPTIONS / HTTP/1.1" 301 169 "-" "Mozilla/5.0 (Windows NT 10.0; Win64; x64) AppleWebKit/537.36 (KHTML, like Gecko) Chrome/114.0.5735.199 Safari/537.36"
101.32.218.31 - - [21/Dec/2025:10:56:21 +0700] "HEAD /Core/Skin/Login.aspx HTTP/1.1" 301 0 "-" "Mozilla/5.0 (Windows NT 10.0; Win64; x64) AppleWebKit/537.36 (KHTML, like Gecko) Chrome/106.0.0.0 Safari/537.36"
35.245.14.68 - - [21/Dec/2025:11:08:13 +0700] "GET / HTTP/1.1" 301 169 "-" "Mozilla/5.0 (compatible; CMS-Checker/1.0; +https://example.com)"
119.29.163.4 - - [21/Dec/2025:11:16:49 +0700] "GET / HTTP/1.1" 301 169 "-" "Mozilla/5.0 (Macintosh; Intel Mac OS X 14_7_4) AppleWebKit/605.1.15 (KHTML, like Gecko) Version/18.3 Safari/605.1.15"
87.121.84.148 - - [21/Dec/2025:11:41:37 +0700] "GET / HTTP/1.1" 301 169 "-" "Mozilla/1.0"
204.76.203.219 - - [21/Dec/2025:11:49:14 +0700] "GET / HTTP/1.1" 301 169 "-" "Mozilla/5.0 (Windows NT 10.0; Win64; x64) AppleWebKit/537.36 (KHTML, like Gecko) Chrome/90.0.4430.85 Safari/537.36 Edg/90.0.818.46"
49.235.20.17 - - [21/Dec/2025:12:28:53 +0700] "GET /prod-api/category/list?type=0&isoften=1&ishot=1&langtype=zh HTTP/1.1" 301 169 "-" "Mozilla/5.0 (Macintosh; Intel Mac OS X 10_15_7) AppleWebKit/537.36 (KHTML, like Gecko) Chrome/143.0.0.0 Safari/537.36"
49.235.20.17 - - [21/Dec/2025:12:28:53 +0700] "GET /prod-api/category/list?type=0&isoften=1&ishot=1&langtype=zh HTTP/1.1" 301 169 "-" "Mozilla/5.0 (Macintosh; Intel Mac OS X 10_15_7) AppleWebKit/537.36 (KHTML, like Gecko) Chrome/143.0.0.0 Safari/537.36"
34.78.140.118 - - [21/Dec/2025:12:30:35 +0700] "GET / HTTP/1.1" 301 169 "-" "python-requests/2.32.5"
79.124.40.174 - - [21/Dec/2025:12:40:52 +0700] "GET /actuator/gateway/routes HTTP/1.1" 301 169 "-" "Mozilla/5.0 (Windows NT 10.0; Win64; x64) AppleWebKit/537.36 (KHTML, like Gecko) Chrome/78.0.3904.108 Safari/537.36"
185.242.226.113 - - [21/Dec/2025:12:40:57 +0700] "\x16\x03\x01\x00\x8A\x01\x00\x00\x86\x03\x03\x16\x22\x98\x8113\xDDT#\xA8PZ\x5C\xAF\x1F&\xA8\x92\x5C5\x9B\x9B\xC2p\xDB\xDD\xF4=\xFA\xA7\x8C)\x00\x00\x1A\xC0/\xC0+\xC0\x11\xC0\x07\xC0\x13\xC0\x09\xC0\x14\xC0" 400 157 "-" "-"
5.187.35.158 - - [21/Dec/2025:12:45:36 +0700] "GET /SDK/webLanguage HTTP/1.1" 301 169 "-" "Mozilla/5.0 (Windows NT 10.0; Win64; x64) AppleWebKit/537.36 (KHTML, like Gecko) Chrome/90.0.4430.85 Safari/537.36 Edg/90.0.818.46"
103.252.73.37 - - [21/Dec/2025:13:19:29 +0700] "POST /cgi-bin/.%2e/.%2e/.%2e/.%2e/.%2e/.%2e/.%2e/.%2e/.%2e/.%2e/bin/sh HTTP/1.1" 400 157 "-" "-"
103.252.73.37 - - [21/Dec/2025:13:19:29 +0700] "POST /cgi-bin/%%32%65%%32%65/%%32%65%%32%65/%%32%65%%32%65/%%32%65%%32%65/%%32%65%%32%65/%%32%65%%32%65/%%32%65%%32%65/bin/sh HTTP/1.1" 400 157 "-" "-"
103.252.73.37 - - [21/Dec/2025:13:19:29 +0700] "POST /hello.world?%ADd+allow_url_include%3d1+%ADd+auto_prepend_file%3dphp://input HTTP/1.1" 301 169 "-" "libredtail-http"
91.232.238.112 - - [21/Dec/2025:13:19:32 +0700] "GET /admin/config.php HTTP/1.0" 301 169 "-" "xfa1"
79.124.40.174 - - [21/Dec/2025:13:43:00 +0700] "\x16\x03\x01\x05\xA8\x01\x00\x05\xA4\x03\x03\x86C?\x1B2t4\xA8\x0E\xAB.\x00\x8D\xFCo\xA3\x82\xDE\xC0\xAC\xCDcKj\x0B\xB8\xCCp\xF9\xC4jD \x22\x1C%\xC0\xD9`\xB6\xF4K\xEC8!\xD4R\xEE\xBF<\xC7\xF53\xBE\xADa1x\xA3\x89\xF7?\x9EQ\x5C\x00\x1A\xC0+\xC0/\xC0,\xC00\xCC\xA9\xCC\xA8\xC0\x09\xC0\x13\xC0" 400 157 "-" "-"
204.76.203.219 - - [21/Dec/2025:13:44:51 +0700] "GET / HTTP/1.1" 301 169 "-" "Mozilla/5.0 (Windows NT 10.0; Win64; x64) AppleWebKit/537.36 (KHTML, like Gecko) Chrome/90.0.4430.85 Safari/537.36 Edg/90.0.818.46"
101.32.218.31 - - [21/Dec/2025:14:15:49 +0700] "HEAD /Core/Skin/Login.aspx HTTP/1.1" 301 0 "-" "Mozilla/5.0 (Windows NT 10.0; Win64; x64) AppleWebKit/537.36 (KHTML, like Gecko) Chrome/106.0.0.0 Safari/537.36"
204.76.203.219 - - [21/Dec/2025:15:32:00 +0700] "GET / HTTP/1.1" 301 169 "-" "Mozilla/5.0 (Windows NT 10.0; Win64; x64) AppleWebKit/537.36 (KHTML, like Gecko) Chrome/90.0.4430.85 Safari/537.36 Edg/90.0.818.46"
93.174.93.12 - - [21/Dec/2025:15:37:50 +0700] "\x16\x03\x02\x01o\x01\x00\x01k\x03\x02RH\xC5\x1A#\xF7:N\xDF\xE2\xB4\x82/\xFF\x09T\x9F\xA7\xC4y\xB0h\xC6\x13\x8C\xA4\x1C=\x22\xE1\x1A\x98 \x84\xB4,\x85\xAFn\xE3Y\xBBbhl\xFF(=':\xA9\x82\xD9o\xC8\xA2\xD7\x93\x98\xB4\xEF\x80\xE5\xB9\x90\x00(\xC0" 400 157 "-" "-"
101.32.218.31 - - [21/Dec/2025:15:55:51 +0700] "HEAD /Core/Skin/Login.aspx HTTP/1.1" 301 0 "-" "Mozilla/5.0 (Windows NT 10.0; Win64; x64) AppleWebKit/537.36 (KHTML, like Gecko) Chrome/106.0.0.0 Safari/537.36"
87.121.84.57 - - [21/Dec/2025:16:04:58 +0700] "GET / HTTP/1.1" 301 169 "-" "Mozilla/1.0"
198.235.24.31 - - [21/Dec/2025:16:55:20 +0700] "\x16\x03\x01\x00\xEE\x01\x00\x00\xEA\x03\x03`\xF3\xEF\xDC\xEE\xE6\x904\xB9*\xC2\xDA\x08\x87b \x06~\xFB\xE9\x8D[\x9CU\xEC\x5C\xE3\xB7G\xFC\x8BH \xB4\x99\x12\x978\x84E\xFBM\xC2\xAA\x11\x14&\x96^\xF1\xDA\xB1\xDE\x15\xE6\xB3\x7F\xB4!\x99D\xF4J]\xE3\x00&\xC0+\xC0/\xC0,\xC00\xCC\xA9\xCC\xA8\xC0\x09\xC0\x13\xC0" 400 157 "-" "-"
198.235.24.31 - - [21/Dec/2025:16:55:20 +0700] "\x16\x03\x01\x00\xCA\x01\x00\x00\xC6\x03\x03\xDB\xF3\x10}\xEC\xAF\x92\xB2" 400 157 "-" "-"
93.174.93.12 - - [21/Dec/2025:17:13:32 +0700] "GET / HTTP/1.0" 301 169 "-" "Mozilla/5.0 (MeeGo; NokiaN950-00/00) AppleWebKit/534.13 (KHTML, like Gecko) NokiaBrowser/8.5.0 Mobile Safari/534.13"
52.188.81.67 - - [21/Dec/2025:17:14:51 +0700] "GET /developmentserver/metadatauploader HTTP/1.1" 301 169 "-" "Mozilla/5.0 zgrab/0.x"
43.155.27.244 - - [21/Dec/2025:17:24:38 +0700] "GET / HTTP/1.1" 301 169 "-" "Mozilla/5.0 (iPhone; CPU iPhone OS 13_2_3 like Mac OS X) AppleWebKit/605.1.15 (KHTML, like Gecko) Version/13.0.3 Mobile/15E148 Safari/604.1"
204.76.203.219 - - [21/Dec/2025:17:35:53 +0700] "GET / HTTP/1.1" 301 169 "-" "Mozilla/5.0 (Windows NT 10.0; Win64; x64) AppleWebKit/537.36 (KHTML, like Gecko) Chrome/90.0.4430.85 Safari/537.36 Edg/90.0.818.46"
3.143.33.63 - - [21/Dec/2025:17:49:12 +0700] "GET / HTTP/1.1" 301 169 "-" "cypex.ai/scanning Mozilla/5.0 (Macintosh; Intel Mac OS X 10_15_7) Chrome/126.0.0.0 Safari/537.36"
3.143.33.63 - - [21/Dec/2025:17:49:48 +0700] "GET / HTTP/1.1" 301 169 "-" "cypex.ai/scanning Mozilla/5.0 (Macintosh; Intel Mac OS X 10_15_7) Chrome/126.0.0.0 Safari/537.36"
3.143.33.63 - - [21/Dec/2025:17:52:38 +0700] "" 400 0 "-" "-"
3.143.33.63 - - [21/Dec/2025:17:53:08 +0700] "\x16\x03\x01\x00{\x01\x00\x00w\x03\x03\xF2\x17\xB8\xBA\xD2\xD3\x85\x00\xC71\xC5\xFESO\x84\xE1\x937~\xA4\xD0\x9D\xCA\xED\xB6N\xB4M6\xBA6\x1A\x00\x00\x1A\xC0/\xC0+\xC0\x11\xC0\x07\xC0\x13\xC0\x09\xC0\x14\xC0" 400 157 "-" "-"
3.143.33.63 - - [21/Dec/2025:17:54:50 +0700] "SSH-2.0-Go" 400 157 "-" "-"
3.143.33.63 - - [21/Dec/2025:17:55:49 +0700] "\x16\x03\x01\x00{\x01\x00\x00w\x03\x03e\xEAK\xDF$\x9D\xE6Ec\x22\xF2S`\xBA\x0F#\xD9E\xE4\xEB\xA9\xA0\xEA\xEA\xE8\xA2\xAD\xC9Uy\x86\x9D\x00\x00\x1A\xC0/\xC0+\xC0\x11\xC0\x07\xC0\x13\xC0\x09\xC0\x14\xC0" 400 157 "-" "-"
43.128.67.187 - - [21/Dec/2025:18:03:59 +0700] "GET / HTTP/1.1" 301 169 "-" "Mozilla/5.0 (iPhone; CPU iPhone OS 13_2_3 like Mac OS X) AppleWebKit/605.1.15 (KHTML, like Gecko) Version/13.0.3 Mobile/15E148 Safari/604.1"
195.170.172.128 - - [21/Dec/2025:18:24:50 +0700] "\x16\x03\x01\x02\x00\x01\x00\x01\xFC\x03\x03U\x99\xC3gm\xC6\x08*W3\xB2\xBF\xD7\xEA7\xA9\xE1\x9AN\x89\xE9\xBB\xE4\x90?\xF9Qw3z\x9Db 1p\xA9fw\xF1=o\xAA\xAD\xE8\x10\xEB]\xCC\xD1\xF6Dr3b\xEA\x81\x03;&WzP%\xE7\x9C\x00>\x13\x02\x13\x03\x13\x01\xC0,\xC00\x00\x9F\xCC\xA9\xCC\xA8\xCC\xAA\xC0+\xC0/\x00\x9E\xC0$\xC0(\x00k\xC0#\xC0'\x00g\xC0" 400 157 "-" "-"
195.170.172.128 - - [21/Dec/2025:18:24:51 +0700] "{\x22id\x22: 1, \x22method\x22: \x22mining.subscribe\x22, \x22params\x22: [\x22cpuminer/2.5.1\x22]}" 400 157 "-" "-"
195.170.172.128 - - [21/Dec/2025:18:24:51 +0700] "{\x22id\x22: 1, \x22method\x22: \x22mining.subscribe\x22, \x22params\x22: [\x22MinerName/1.0.0\x22, \x22EthereumStratum/1.0.0\x22]}" 400 157 "-" "-"
195.170.172.128 - - [21/Dec/2025:18:24:52 +0700] "{\x22id\x22:1,\x22method\x22:\x22eth_submitLogin\x22,\x22worker\x22:\x22igwrcvap\x22,\x22params\x22:[\x220x3c41b3931bdfa0a957cc8c577646b1ac37e72a49\x22,\x22x\x22],\x22jsonrpc\x22:\x222.0\x22}" 400 157 "-" "-"
195.170.172.128 - - [21/Dec/2025:18:24:54 +0700] "{\x22id\x22:1,\x22jsonrpc\x22:\x222.0\x22,\x22method\x22:\x22login\x22,\x22params\x22:{\x22login\x22:\x2243N72gvfzVChxyGbcu5vMHT2jibb7GXxYjnyNLdMaQe24BVoaErxWRx3h1TWK4evLHb6zwdLg9CK4gf9pN6GWmkT9npE437\x22,\x22pass\x22:\x22x\x22,\x22agent\x22:\x22XMRig/6.15.3 (Windows NT 10.0; Win64; x64) libuv/1.42.0 msvc/2019\x22,\x22algo\x22:[\x22cn/1\x22,\x22cn/2\x22,\x22cn/r\x22,\x22cn/fast\x22,\x22cn/half\x22,\x22cn/xao\x22,\x22cn/rto\x22,\x22cn/rwz\x22,\x22cn/zls\x22,\x22cn/double\x22,\x22cn/ccx\x22,\x22cn-lite/1\x22,\x22cn-heavy/0\x22,\x22cn-heavy/tube\x22,\x22cn-heavy/xhv\x22,\x22cn-pico\x22,\x22cn-pico/tlo\x22,\x22cn/upx2\x22,\x22rx/0\x22,\x22rx/wow\x22,\x22rx/arq\x22,\x22rx/graft\x22,\x22rx/sfx\x22,\x22rx/keva\x22,\x22argon2/chukwa\x22,\x22argon2/chukwav2\x22,\x22argon2/ninja\x22,\x22astrobwt\x22]}}" 400 157 "-" "-"
195.170.172.128 - - [21/Dec/2025:18:24:54 +0700] "GET / HTTP/1.1" 301 169 "-" "Mozilla/5.0 (Windows NT 10.0; Win64; x64) AppleWebKit/537.36 (KHTML, like Gecko) Chrome/94.0.4606.61 Safari/537.36"
195.170.172.128 - - [21/Dec/2025:18:24:57 +0700] "\x16\x03\x01\x02\x00\x01\x00\x01\xFC\x03\x03\x85\x92\x95\x1C\xEF\xC8e\xCD\xFE/5\xFA/\x1D\xB4\xE6\xF1Z\x1D\x96(0G\xCFn.\xCD\xF3\x9B\xEB\x834 \xF1x\xCD~^h\xBFs\xC5?\x87\x17\xA3\xF1\x91&Rf\x7Fz\x87\x101%it\xDDr\x8D\xB7\xE8h\x00>\x13\x02\x13\x03\x13\x01\xC0,\xC00\x00\x9F\xCC\xA9\xCC\xA8\xCC\xAA\xC0+\xC0/\x00\x9E\xC0$\xC0(\x00k\xC0#\xC0'\x00g\xC0" 400 157 "-" "-"
195.170.172.128 - - [21/Dec/2025:18:25:00 +0700] "\x16\x03\x01\x02\x00\x01\x00\x01\xFC\x03\x03\x12d\x89\xA1\xA4\xEEFed|\xFB\x7F}\xE0%2\xF6k\xAF\x11cV\xE9,J\xFE\x0E\x98\xC3\xD5\xC5` " 400 157 "-" "-"
195.170.172.128 - 14DVMn8mcC6Y3TPTfMfhSxK9otL6mFKG4Q [21/Dec/2025:18:25:00 +0700] "POST / HTTP/1.1" 301 169 "-" "Mozilla/5.0 (Windows NT 10.0; Win64; x64) AppleWebKit/537.36 (KHTML, like Gecko) Chrome/94.0.4606.61 Safari/537.36"
195.170.172.128 - - [21/Dec/2025:18:25:01 +0700] "\x08\x00\x00\x00arch=x64" 400 157 "-" "-"
176.65.148.69 - - [21/Dec/2025:18:37:51 +0700] "GET / HTTP/1.1" 301 169 "-" "Mozilla/1.0"
43.130.32.245 - - [21/Dec/2025:18:45:31 +0700] "GET / HTTP/1.1" 301 169 "-" "Mozilla/5.0 (iPhone; CPU iPhone OS 13_2_3 like Mac OS X) AppleWebKit/605.1.15 (KHTML, like Gecko) Version/13.0.3 Mobile/15E148 Safari/604.1"
119.29.163.4 - - [21/Dec/2025:18:48:42 +0700] "GET / HTTP/1.1" 301 169 "-" "Mozilla/5.0 (Macintosh; Intel Mac OS X 14_7_4) AppleWebKit/605.1.15 (KHTML, like Gecko) Version/18.3 Safari/605.1.15"
87.121.84.148 - - [21/Dec/2025:19:14:37 +0700] "GET / HTTP/1.1" 301 169 "-" "Mozilla/1.0"
101.32.218.31 - - [21/Dec/2025:19:14:40 +0700] "HEAD /Core/Skin/Login.aspx HTTP/1.1" 301 0 "-" "Mozilla/5.0 (Windows NT 10.0; Win64; x64) AppleWebKit/537.36 (KHTML, like Gecko) Chrome/106.0.0.0 Safari/537.36"
87.121.84.57 - - [21/Dec/2025:19:33:37 +0700] "GET / HTTP/1.1" 301 169 "-" "Mozilla/1.0"
204.76.203.219 - - [21/Dec/2025:19:40:45 +0700] "GET / HTTP/1.1" 301 169 "-" "Mozilla/5.0 (Windows NT 10.0; Win64; x64) AppleWebKit/537.36 (KHTML, like Gecko) Chrome/90.0.4430.85 Safari/537.36 Edg/90.0.818.46"
162.142.125.125 - - [21/Dec/2025:19:50:27 +0700] "\x16\x03\x01\x00\xEE\x01\x00\x00\xEA\x03\x03" 400 157 "-" "-"
162.142.125.125 - - [21/Dec/2025:19:50:33 +0700] "GET / HTTP/1.1" 301 169 "-" "Mozilla/5.0 (compatible; CensysInspect/1.1; +https://about.censys.io/)"
162.142.125.125 - - [21/Dec/2025:19:50:38 +0700] "PRI * HTTP/2.0" 400 157 "-" "-"
162.142.125.125 - - [21/Dec/2025:19:51:50 +0700] "GET /sitemap.xml HTTP/1.1" 301 169 "-" "Mozilla/5.0 (compatible; CensysInspect/1.1; +https://about.censys.io/)"
162.142.125.125 - - [21/Dec/2025:19:51:54 +0700] "\x16\x03\x01\x00\xEE\x01\x00\x00\xEA\x03\x03\xBF{\xB5UG=?\x03\xF2+^\xB7\x99\xB7\x5C\xEA<\x9A+\x1DH\x193\xBD7\x94\x82\xD7gG\xA4\xD4 \xF4_\xDB+\x96\xBB\xAF\xB1O\xBC\x15\xBB{g_\xEC\xAA\x0F\x948\x95\xC8\xBB\xAB\xD3\xEC.\x86\xF5\xED" 400 157 "-" "-"
141.98.11.140 - - [21/Dec/2025:20:18:19 +0700] "GET / HTTP/1.1" 301 169 "-" "-"
45.192.2.56 - - [21/Dec/2025:20:36:08 +0700] "GET /api/check_version HTTP/1.1" 301 169 "http://13.214.39.19/byte/" "Mozilla/5.0 (Windows NT 10.0; Win64; x64) AppleWebKit/537.36 (KHTML, like Gecko) Chrome/113.0.5672.127 Safari/537.36"
54.159.244.132 - - [21/Dec/2025:20:48:32 +0700] "GET / HTTP/1.1" 301 169 "-" "Mozilla/5.0 (Windows NT 10.0; Win64; x64) AppleWebKit/537.36 (KHTML, like Gecko) Chrome/136.0.0.0 Safari/537.36"
101.32.218.31 - - [21/Dec/2025:20:54:01 +0700] "HEAD /Core/Skin/Login.aspx HTTP/1.1" 301 0 "-" "Mozilla/5.0 (Windows NT 10.0; Win64; x64) AppleWebKit/537.36 (KHTML, like Gecko) Chrome/106.0.0.0 Safari/537.36"
103.168.2.241 - - [21/Dec/2025:21:15:32 +0700] "GET /boaform/admin/formLogin?username=user&psd=user HTTP/1.0" 301 169 "-" "-"
204.76.203.219 - - [21/Dec/2025:21:34:58 +0700] "GET / HTTP/1.1" 301 169 "-" "Mozilla/5.0 (Windows NT 10.0; Win64; x64) AppleWebKit/537.36 (KHTML, like Gecko) Chrome/90.0.4430.85 Safari/537.36 Edg/90.0.818.46"
185.242.226.113 - - [21/Dec/2025:22:08:34 +0700] "\x16\x03\x01\x00\x8A\x01\x00\x00\x86\x03\x03sD\xA44\xA3\xA2*\xBD\x05N\xD8\xFE\xCC\x11\xE6FB+\xDE\x90\xE5@_\xC3\x89\xA9n\xD53&\xB6\x19\x00\x00\x1A\xC0/\xC0+\xC0\x11\xC0\x07\xC0\x13\xC0\x09\xC0\x14\xC0" 400 157 "-" "-"
101.32.218.31 - - [21/Dec/2025:22:33:44 +0700] "HEAD /Core/Skin/Login.aspx HTTP/1.1" 301 0 "-" "Mozilla/5.0 (Windows NT 10.0; Win64; x64) AppleWebKit/537.36 (KHTML, like Gecko) Chrome/106.0.0.0 Safari/537.36"
134.122.105.112 - - [21/Dec/2025:22:36:19 +0700] "GET / HTTP/1.1" 301 169 "-" "Mozilla/5.0 (X11; Linux x86_64) AppleWebKit/537.36 (KHTML, like Gecko) Chrome/142.0.0.0 Safari/537.36"
134.122.105.112 - - [21/Dec/2025:22:36:20 +0700] "GET /favicon.ico HTTP/1.1" 301 169 "http://13.214.39.19/" "Mozilla/5.0 (X11; Linux x86_64) AppleWebKit/537.36 (KHTML, like Gecko) Chrome/142.0.0.0 Safari/537.36"
45.188.150.22 - - [21/Dec/2025:22:53:18 +0700] "GET / HTTP/1.1" 301 169 "-" "Mozilla/5.0 (Windows NT 10.0; WOW64) AppleWebKit/537.36 (KHTML, like Gecko) Chrome/52.0.2743.116 Safari/537.36"
157.245.209.233 - - [21/Dec/2025:23:02:05 +0700] "GET /admin/config.php HTTP/1.0" 301 169 "-" "xfa1,nvdorz,nvd0rz"
204.76.203.219 - - [21/Dec/2025:23:33:09 +0700] "GET / HTTP/1.1" 301 169 "-" "Mozilla/5.0 (Windows NT 10.0; Win64; x64) AppleWebKit/537.36 (KHTML, like Gecko) Chrome/90.0.4430.85 Safari/537.36 Edg/90.0.818.46"
119.164.96.51 - - [21/Dec/2025:23:38:04 +0700] "GET / HTTP/1.1" 301 169 "-" "Mozilla/5.0 (Windows NT 6.1) AppleWebKit/537.36 (KHTML, like Gecko) Chrome/49.0.2623.112 Safari/537.36"
87.121.84.148 - - [21/Dec/2025:23:39:43 +0700] "GET / HTTP/1.1" 301 169 "-" "Mozilla/1.0"
91.224.92.121 - - [22/Dec/2025:00:07:12 +0700] "OPTIONS / HTTP/1.1" 301 169 "-" "Mozilla/5.0 (Windows NT 10.0; Win64; x64) AppleWebKit/537.36 (KHTML, like Gecko) Chrome/114.0.5735.199 Safari/537.36"
101.32.218.31 - - [22/Dec/2025:00:13:13 +0700] "HEAD /Core/Skin/Login.aspx HTTP/1.1" 301 0 "-" "Mozilla/5.0 (Windows NT 10.0; Win64; x64) AppleWebKit/537.36 (KHTML, like Gecko) Chrome/106.0.0.0 Safari/537.36"
43.157.95.131 - - [22/Dec/2025:00:29:25 +0700] "GET / HTTP/1.1" 301 169 "-" "Mozilla/5.0 (iPhone; CPU iPhone OS 13_2_3 like Mac OS X) AppleWebKit/605.1.15 (KHTML, like Gecko) Version/13.0.3 Mobile/15E148 Safari/604.1"
104.219.238.86 - - [22/Dec/2025:00:32:58 +0700] "GET / HTTP/1.1" 301 169 "-" "Mozilla/5.0 (Windows NT 10.0; Win64; x64) AppleWebKit/537.36 (KHTML, like Gecko) Chrome/91.0.4472.124 Safari/537.36"
104.219.238.86 - - [22/Dec/2025:00:33:00 +0700] "GET /app/config/.env HTTP/1.1" 301 169 "-" "Go-http-client/1.1"
104.219.238.86 - - [22/Dec/2025:00:33:00 +0700] "GET /2021/.env HTTP/1.1" 301 169 "-" "Go-http-client/1.1"
104.219.238.86 - - [22/Dec/2025:00:33:00 +0700] "GET /.env.dist HTTP/1.1" 301 169 "-" "Go-http-client/1.1"
104.219.238.86 - - [22/Dec/2025:00:33:00 +0700] "GET /administrator/.env HTTP/1.1" 301 169 "-" "Go-http-client/1.1"
104.219.238.86 - - [22/Dec/2025:00:33:00 +0700] "GET /storage/.env HTTP/1.1" 301 169 "-" "Go-http-client/1.1"
104.219.238.86 - - [22/Dec/2025:00:33:00 +0700] "GET /dev/.env HTTP/1.1" 301 169 "-" "Go-http-client/1.1"
104.219.238.86 - - [22/Dec/2025:00:33:00 +0700] "GET /.git/HEAD HTTP/1.1" 301 169 "-" "Go-http-client/1.1"
104.219.238.86 - - [22/Dec/2025:00:33:00 +0700] "GET /apps/.env HTTP/1.1" 301 169 "-" "Go-http-client/1.1"
104.219.238.86 - - [22/Dec/2025:00:33:00 +0700] "GET /core/.env HTTP/1.1" 301 169 "-" "Go-http-client/1.1"
104.219.238.86 - - [22/Dec/2025:00:33:00 +0700] "GET /.env HTTP/1.1" 301 169 "-" "Go-http-client/1.1"
104.219.238.86 - - [22/Dec/2025:00:33:00 +0700] "GET /apps/config/.env HTTP/1.1" 301 169 "-" "Go-http-client/1.1"
104.219.238.86 - - [22/Dec/2025:00:33:00 +0700] "GET /wp/.env HTTP/1.1" 301 169 "-" "Go-http-client/1.1"
104.219.238.86 - - [22/Dec/2025:00:33:00 +0700] "GET /app/.env HTTP/1.1" 301 169 "-" "Go-http-client/1.1"
104.219.238.86 - - [22/Dec/2025:00:33:00 +0700] "GET /admin/config/.env HTTP/1.1" 301 169 "-" "Go-http-client/1.1"
104.219.238.86 - - [22/Dec/2025:00:33:00 +0700] "GET /api/v1/.env HTTP/1.1" 301 169 "-" "Go-http-client/1.1"
104.219.238.86 - - [22/Dec/2025:00:33:00 +0700] "GET /database/.env HTTP/1.1" 301 169 "-" "Go-http-client/1.1"
104.219.238.86 - - [22/Dec/2025:00:33:00 +0700] "GET /wordpress/.env HTTP/1.1" 301 169 "-" "Go-http-client/1.1"
104.219.238.86 - - [22/Dec/2025:00:33:00 +0700] "GET /laravel/.env HTTP/1.1" 301 169 "-" "Go-http-client/1.1"
104.219.238.86 - - [22/Dec/2025:00:33:00 +0700] "GET /system/.env HTTP/1.1" 301 169 "-" "Go-http-client/1.1"
104.219.238.86 - - [22/Dec/2025:00:33:00 +0700] "GET /2023/.env HTTP/1.1" 301 169 "-" "Go-http-client/1.1"
104.219.238.86 - - [22/Dec/2025:00:33:00 +0700] "GET /clients/.env HTTP/1.1" 301 169 "-" "Go-http-client/1.1"
104.219.238.86 - - [22/Dec/2025:00:33:00 +0700] "GET /backend/.env HTTP/1.1" 301 169 "-" "Go-http-client/1.1"
104.219.238.86 - - [22/Dec/2025:00:33:00 +0700] "GET /public/.env HTTP/1.1" 301 169 "-" "Go-http-client/1.1"
104.219.238.86 - - [22/Dec/2025:00:33:00 +0700] "GET /config/.env HTTP/1.1" 301 169 "-" "Go-http-client/1.1"
104.219.238.86 - - [22/Dec/2025:00:33:00 +0700] "GET /2022/.env HTTP/1.1" 301 169 "-" "Go-http-client/1.1"
104.219.238.86 - - [22/Dec/2025:00:33:00 +0700] "GET /config/env HTTP/1.1" 301 169 "-" "Go-http-client/1.1"
104.219.238.86 - - [22/Dec/2025:00:33:00 +0700] "GET /.env.local.php HTTP/1.1" 301 169 "-" "Go-http-client/1.1"
104.219.238.86 - - [22/Dec/2025:00:33:00 +0700] "GET /uploads/.env HTTP/1.1" 301 169 "-" "Go-http-client/1.1"
104.219.238.86 - - [22/Dec/2025:00:33:00 +0700] "GET /backup/env HTTP/1.1" 301 169 "-" "Go-http-client/1.1"
104.219.238.86 - - [22/Dec/2025:00:33:00 +0700] "GET /.environment HTTP/1.1" 301 169 "-" "Go-http-client/1.1"
104.219.238.86 - - [22/Dec/2025:00:33:00 +0700] "GET /backup/.env HTTP/1.1" 301 169 "-" "Go-http-client/1.1"
104.219.238.86 - - [22/Dec/2025:00:33:00 +0700] "GET /2024/.env HTTP/1.1" 301 169 "-" "Go-http-client/1.1"
104.219.238.86 - - [22/Dec/2025:00:33:00 +0700] "GET /old/.env HTTP/1.1" 301 169 "-" "Go-http-client/1.1"
104.219.238.86 - - [22/Dec/2025:00:33:00 +0700] "GET /api/.env HTTP/1.1" 301 169 "-" "Go-http-client/1.1"
104.219.238.86 - - [22/Dec/2025:00:33:00 +0700] "GET /api/v2/.env HTTP/1.1" 301 169 "-" "Go-http-client/1.1"
104.219.238.86 - - [22/Dec/2025:00:33:00 +0700] "GET /upload/.env HTTP/1.1" 301 169 "-" "Go-http-client/1.1"
104.219.238.86 - - [22/Dec/2025:00:33:00 +0700] "GET /config/environment HTTP/1.1" 301 169 "-" "Go-http-client/1.1"
104.219.238.86 - - [22/Dec/2025:00:33:00 +0700] "GET /home.php HTTP/1.1" 301 169 "-" "Go-http-client/1.1"
104.219.238.86 - - [22/Dec/2025:00:33:00 +0700] "GET /temp.php HTTP/1.1" 301 169 "-" "Go-http-client/1.1"
104.219.238.86 - - [22/Dec/2025:00:33:00 +0700] "GET /webadmin/.env HTTP/1.1" 301 169 "-" "Go-http-client/1.1"
104.219.238.86 - - [22/Dec/2025:00:33:00 +0700] "GET /cart/.env HTTP/1.1" 301 169 "-" "Go-http-client/1.1"
104.219.238.86 - - [22/Dec/2025:00:33:00 +0700] "GET /?phpinfo=1 HTTP/1.1" 301 169 "-" "Go-http-client/1.1"
104.219.238.86 - - [22/Dec/2025:00:33:00 +0700] "GET /phpinfo/info.php HTTP/1.1" 301 169 "-" "Go-http-client/1.1"
104.219.238.86 - - [22/Dec/2025:00:33:00 +0700] "GET /web/phpinfo.php HTTP/1.1" 301 169 "-" "Go-http-client/1.1"
104.219.238.86 - - [22/Dec/2025:00:33:00 +0700] "GET /uploads/phpinfo.php HTTP/1.1" 301 169 "-" "Go-http-client/1.1"
104.219.238.86 - - [22/Dec/2025:00:33:00 +0700] "GET /index.php?action=phpinfo HTTP/1.1" 301 169 "-" "Go-http-client/1.1"
104.219.238.86 - - [22/Dec/2025:00:33:00 +0700] "GET /tests/phpinfo.php HTTP/1.1" 301 169 "-" "Go-http-client/1.1"
104.219.238.86 - - [22/Dec/2025:00:33:00 +0700] "GET /testing/info.php HTTP/1.1" 301 169 "-" "Go-http-client/1.1"
104.219.238.86 - - [22/Dec/2025:00:33:00 +0700] "GET /.backup/phpinfo.php HTTP/1.1" 301 169 "-" "Go-http-client/1.1"
104.219.238.86 - - [22/Dec/2025:00:33:00 +0700] "GET /info/info.php HTTP/1.1" 301 169 "-" "Go-http-client/1.1"
104.219.238.86 - - [22/Dec/2025:00:33:00 +0700] "GET /index.php?=-phpinfo() HTTP/1.1" 301 169 "-" "Go-http-client/1.1"
104.219.238.86 - - [22/Dec/2025:00:33:00 +0700] "GET /v1/phpinfo.php HTTP/1.1" 301 169 "-" "Go-http-client/1.1"
104.219.238.86 - - [22/Dec/2025:00:33:00 +0700] "GET /api/v2/phpinfo.php HTTP/1.1" 301 169 "-" "Go-http-client/1.1"
104.219.238.86 - - [22/Dec/2025:00:33:00 +0700] "GET /_profiler/info HTTP/1.1" 301 169 "-" "Go-http-client/1.1"
104.219.238.86 - - [22/Dec/2025:00:33:00 +0700] "GET /__phpinfo.php HTTP/1.1" 301 169 "-" "Go-http-client/1.1"
104.219.238.86 - - [22/Dec/2025:00:33:00 +0700] "GET /system/info.php HTTP/1.1" 301 169 "-" "Go-http-client/1.1"
104.219.238.86 - - [22/Dec/2025:00:33:00 +0700] "GET /admin/php.php HTTP/1.1" 301 169 "-" "Go-http-client/1.1"
104.219.238.86 - - [22/Dec/2025:00:33:00 +0700] "GET /admin/info.php HTTP/1.1" 301 169 "-" "Go-http-client/1.1"
104.219.238.86 - - [22/Dec/2025:00:33:00 +0700] "GET /dev/phpinfo.php HTTP/1.1" 301 169 "-" "Go-http-client/1.1"
104.219.238.86 - - [22/Dec/2025:00:33:00 +0700] "GET /2021/phpinfo.php HTTP/1.1" 301 169 "-" "Go-http-client/1.1"
104.219.238.86 - - [22/Dec/2025:00:33:00 +0700] "GET /site-info.php HTTP/1.1" 301 169 "-" "Go-http-client/1.1"
104.219.238.86 - - [22/Dec/2025:00:33:00 +0700] "GET /system.php HTTP/1.1" 301 169 "-" "Go-http-client/1.1"
104.219.238.86 - - [22/Dec/2025:00:33:00 +0700] "GET /_inc/phpinfo.php HTTP/1.1" 301 169 "-" "Go-http-client/1.1"
104.219.238.86 - - [22/Dec/2025:00:33:00 +0700] "GET /server-status HTTP/1.1" 301 169 "-" "Go-http-client/1.1"
